npm warn Unknown env config "http-proxy". This will stop working in the next major version of npm.

> site-creator-vinext-starter@0.1.0 release:check
> npm run release:offline && npm run release:access

npm warn Unknown env config "http-proxy". This will stop working in the next major version of npm.

> site-creator-vinext-starter@0.1.0 release:offline
> node atlas/scripts/release-check.mjs && npm run sync:reader && npm run typecheck && npm run lint && npm run build:site && npm run test:built


▶ build-all.mjs
V60 工作簿未提供；使用已提交且受 sources.lock.json 保护的生成结果。
V61 工作簿未全部提供；使用已提交且受 sources.lock.json 保护的生成结果。

▶ build-v46-portrait-manifest.mjs
{"defaultPeople":123,"assetRecords":512,"indexedPersonIds":510,"specificPortraits":512,"designOnlyPortraits":0,"fallbackPortraits":0,"v62PortraitRecords":100,"peopleWithMultiplePortraits":2,"legacyPersonIdAliases":31,"figmaBoardRecords":50,"figmaBoardMapped":50,"v58PortraitRecords":20,"v58PortraitMapped":20,"v70PortraitRecords":50,"v73PortraitRecords":100,"dengAiSrc":"./assets/portraits/wei/deng-ai-v2.png","plannedV62Portraits":100,"readyV62Portraits":100}

▶ build-v63-person-registry.mjs
{
  "ok": true,
  "people": 2427,
  "readerPeople": 2086,
  "readerScopeVersion": "V82",
  "readerScopePeople": 2086,
  "scopeExcludedPeople": 17,
  "nonPersonExclusions": 17,
  "legacyMappings": 1140,
  "sourceRecordMappings": 2013,
  "ziConflicts": 17,
  "isolatedSnapshotRecords": 18,
  "addedJinLegacyMappings": 9,
  "protectedExistingPeople": 10,
  "portraitAssets": 512,
  "portraitPersonIds": 510,
  "unresolvedPortraits": 0,
  "verifiedFieldCounts": {
    "name": 2086,
    "aliases": 511,
    "zi": 121,
    "birthplace": 69,
    "birthYear": 38,
    "deathYear": 59,
    "bio": 96,
    "bioCitations": 28,
    "bioClassical": 0,
    "dynastyTags": 1745,
    "historicalAffiliations": 46,
    "appointments": 146,
    "peerage": 371,
    "portraits": 510
  }
}

▶ build-v66-peerage-stages.mjs
{
  "sourceReaderVisibleEvents": 525,
  "sourceReaderVisibleRelations": 542,
  "sourceReaderVisiblePeople": 374,
  "closedEvents": 525,
  "linkedEvents": 194,
  "hanPredecessorEvents": 79,
  "rankAmbiguousEvents": 22,
  "dynastyReviewEvents": 2,
  "postWeiReviewEvents": 2,
  "missingYearEvents": 227,
  "stageMisalignedEvents": 1,
  "partiallyLinkedEvents": 1,
  "rankStages": 603,
  "titleStages": 641,
  "multiRankEvents": 50,
  "stageAlignmentReviewEvents": 29,
  "linkedRelations": 194,
  "linkedPeople": 166,
  "dispositionCounts": {
    "han-predecessor": 79,
    "linked": 194,
    "missing-year": 227,
    "post-wei-review": 2,
    "rank-ambiguous": 22,
    "stage-misaligned": 1
  },
  "phaseCounts": {
    "han-predecessor": 79,
    "missing-year-review": 227,
    "mixed-stages": 1,
    "post-wei-review": 2,
    "wei-inherited-han": 159,
    "wei-xianxi-five-rank": 57
  },
  "stageDispositionCounts": {
    "han-predecessor": 79,
    "linked": 195,
    "missing-year": 304,
    "post-wei-review": 2,
    "rank-ambiguous": 22,
    "stage-misaligned": 1
  },
  "titleClassifiedMarquisStages": 289,
  "xianxiFiveRankMarquisStages": 16
}

▶ build-v66-fangzhen-seats.mjs
{
  "totalRecords": 533,
  "v65ReaderVisible": 45,
  "seatVerified": 27,
  "readerVisible": 45,
  "reviewOnly": 488,
  "readerVisibleWithSeat": 27,
  "readerVisibleWithoutSeat": 18,
  "upstreamReviewOnly": 488,
  "upstreamVisibleSeatUnresolved": 18,
  "v62JinTotal": 29,
  "v62JinReaderVisible": 29,
  "v62JinSeatVisible": 25,
  "v62JinSeatSuppressed": 4,
  "bySeatResolution": {
    "not-assessed-upstream-review-only": 488,
    "unresolved": 18,
    "verified": 27
  },
  "byPublication": {
    "reader-visible": 45,
    "review-only": 488
  }
}

▶ build-reader-bundle.mjs --relations-only
已生成 V63 纯净读者人物关联：任官 263，封爵关系 535

▶ build-office-succession.mjs
已生成 3 个职官的同源历任投影。

▶ build-v69-data.mjs
{
  "ok": true,
  "people": {
    "people": 2086,
    "rulers": 16,
    "peopleWithLifeEvents": 514,
    "lifeEvents": 947
  },
  "portraitCandidates": {
    "candidates": 100,
    "existingPortraitAssets": 512,
    "expectedAfterProduction": 375
  },
  "battles": {
    "records": 62,
    "linkedRecords": 49,
    "noExplicitPersonRecords": 12,
    "ambiguousRecords": 1,
    "links": 106
  },
  "fangzhen": {
    "records": 523,
    "verified": 45,
    "candidate": 478,
    "dynasties": {
      "后汉": 6,
      "季汉": 99,
      "魏": 173,
      "吴": 213,
      "西晋": 31,
      "东晋": 1
    }
  },
  "epigraphy": {
    "records": 166,
    "withInscription": 59,
    "withoutInscription": 107,
    "dynasties": {
      "后汉": 6,
      "季汉": 8,
      "魏": 20,
      "吴": 15,
      "西晋": 56,
      "东晋": 61
    }
  },
  "aggregate": "6ebce13142d78c9df2f42545f0d10af288a2d1046e6da256a047cbae8fb6beb5"
}

▶ build-v73-review-status-ledger.mjs
{
  "ok": true,
  "totals": {
    "verified": 2425,
    "pending": 1372,
    "disputed": 94,
    "suppressed": 93
  },
  "modules": [
    {
      "label": "人物实体",
      "verified": 2086,
      "pending": 327,
      "disputed": 14,
      "suppressed": 17,
      "excludedFromStatistics": 358
    },
    {
      "label": "任官事实",
      "verified": 263,
      "pending": 510,
      "disputed": 2,
      "suppressed": 76,
      "excludedFromStatistics": 588
    },
    {
      "label": "州镇职任",
      "verified": 45,
      "pending": 408,
      "disputed": 70,
      "suppressed": 0,
      "excludedFromStatistics": 503
    },
    {
      "label": "金石记录",
      "verified": 31,
      "pending": 127,
      "disputed": 8,
      "suppressed": 0,
      "excludedFromStatistics": 105
    }
  ]
}

▶ build-release-summary.mjs
{"people":2086,"appointments":{"verified":263,"pending":510,"disputed":2,"suppressed":76},"biographies":96,"portraitAssets":512,"peopleWithPortraits":505,"peopleWithEvents":514}

▶ build-local-data.mjs
已校验并生成十六期注册表脚本：huangjin → shaodi → dongzhuo → xingping → jianbing → guandu → chibi → xiangfan → sanguo → beifa → guijin → hanwang → jinchu → taikang → hui_di → yongjia
已校验并生成本地州郡几何脚本：/workspace/sites/tk-lab/atlas/assets/map/data/All_Provinces.json
已校验并生成 V7 历史证据脚本：16 期、19 条来源
确定性写入：0 个产物发生变化，4 个产物与规范源已一致

▶ build-reader-bundle.mjs
已生成 V69 读者 Web 包：/workspace/sites/tk-lab/atlas/exports/观史台-读者版
读者包：598 文件，205645495 字节，2086 人，512 张立绘
泄露扫描：本机绝对路径0，审校运行文件0，禁止投影字段0

▶ build-portable-export.mjs
已生成轻量联网单文件：/workspace/sites/tk-lab/atlas/exports/观史台-轻量单文件版.html（52743762 字节）
已更新兼容便携路径：/workspace/sites/tk-lab/atlas/exports/三国职官谱-单文件版.html
单文件立绘：内嵌 55/510 张，原图预算 18860490/18874368 字节
已生成真离线 ZIP：/workspace/sites/tk-lab/atlas/exports/观史台-离线版.zip（598 个文件，196392825 字节，远程运行依赖 0）

▶ build-asset-manifest.mjs
已生成资源清单：821 个文件，336327373 字节

▶ build-deployment-manifest.mjs
已生成部署清单：600 个文件，454890353 字节
部署聚合哈希：ecc2821470505c9c902026adc8a8f35eabe67cef73a5d4f2892b9b4a8a72b9c1

V82 build-all 已完成。
输入锁：2536b5431f63dec657cdec5c558864e3df05a9bda99113158ef2ed37d4bb5900
产物：读者 Web 包／轻量单 HTML／离线 ZIP／本地资源清单／部署清单

▶ build-all.mjs
V60 工作簿未提供；使用已提交且受 sources.lock.json 保护的生成结果。
V61 工作簿未全部提供；使用已提交且受 sources.lock.json 保护的生成结果。

▶ build-v46-portrait-manifest.mjs
{"defaultPeople":123,"assetRecords":512,"indexedPersonIds":510,"specificPortraits":512,"designOnlyPortraits":0,"fallbackPortraits":0,"v62PortraitRecords":100,"peopleWithMultiplePortraits":2,"legacyPersonIdAliases":31,"figmaBoardRecords":50,"figmaBoardMapped":50,"v58PortraitRecords":20,"v58PortraitMapped":20,"v70PortraitRecords":50,"v73PortraitRecords":100,"dengAiSrc":"./assets/portraits/wei/deng-ai-v2.png","plannedV62Portraits":100,"readyV62Portraits":100}

▶ build-v63-person-registry.mjs
{
  "ok": true,
  "people": 2427,
  "readerPeople": 2086,
  "readerScopeVersion": "V82",
  "readerScopePeople": 2086,
  "scopeExcludedPeople": 17,
  "nonPersonExclusions": 17,
  "legacyMappings": 1140,
  "sourceRecordMappings": 2013,
  "ziConflicts": 17,
  "isolatedSnapshotRecords": 18,
  "addedJinLegacyMappings": 9,
  "protectedExistingPeople": 10,
  "portraitAssets": 512,
  "portraitPersonIds": 510,
  "unresolvedPortraits": 0,
  "verifiedFieldCounts": {
    "name": 2086,
    "aliases": 511,
    "zi": 121,
    "birthplace": 69,
    "birthYear": 38,
    "deathYear": 59,
    "bio": 96,
    "bioCitations": 28,
    "bioClassical": 0,
    "dynastyTags": 1745,
    "historicalAffiliations": 46,
    "appointments": 146,
    "peerage": 371,
    "portraits": 510
  }
}

▶ build-v66-peerage-stages.mjs
{
  "sourceReaderVisibleEvents": 525,
  "sourceReaderVisibleRelations": 542,
  "sourceReaderVisiblePeople": 374,
  "closedEvents": 525,
  "linkedEvents": 194,
  "hanPredecessorEvents": 79,
  "rankAmbiguousEvents": 22,
  "dynastyReviewEvents": 2,
  "postWeiReviewEvents": 2,
  "missingYearEvents": 227,
  "stageMisalignedEvents": 1,
  "partiallyLinkedEvents": 1,
  "rankStages": 603,
  "titleStages": 641,
  "multiRankEvents": 50,
  "stageAlignmentReviewEvents": 29,
  "linkedRelations": 194,
  "linkedPeople": 166,
  "dispositionCounts": {
    "han-predecessor": 79,
    "linked": 194,
    "missing-year": 227,
    "post-wei-review": 2,
    "rank-ambiguous": 22,
    "stage-misaligned": 1
  },
  "phaseCounts": {
    "han-predecessor": 79,
    "missing-year-review": 227,
    "mixed-stages": 1,
    "post-wei-review": 2,
    "wei-inherited-han": 159,
    "wei-xianxi-five-rank": 57
  },
  "stageDispositionCounts": {
    "han-predecessor": 79,
    "linked": 195,
    "missing-year": 304,
    "post-wei-review": 2,
    "rank-ambiguous": 22,
    "stage-misaligned": 1
  },
  "titleClassifiedMarquisStages": 289,
  "xianxiFiveRankMarquisStages": 16
}

▶ build-v66-fangzhen-seats.mjs
{
  "totalRecords": 533,
  "v65ReaderVisible": 45,
  "seatVerified": 27,
  "readerVisible": 45,
  "reviewOnly": 488,
  "readerVisibleWithSeat": 27,
  "readerVisibleWithoutSeat": 18,
  "upstreamReviewOnly": 488,
  "upstreamVisibleSeatUnresolved": 18,
  "v62JinTotal": 29,
  "v62JinReaderVisible": 29,
  "v62JinSeatVisible": 25,
  "v62JinSeatSuppressed": 4,
  "bySeatResolution": {
    "not-assessed-upstream-review-only": 488,
    "unresolved": 18,
    "verified": 27
  },
  "byPublication": {
    "reader-visible": 45,
    "review-only": 488
  }
}

▶ build-reader-bundle.mjs --relations-only
已生成 V63 纯净读者人物关联：任官 263，封爵关系 535

▶ build-office-succession.mjs
已生成 3 个职官的同源历任投影。

▶ build-v69-data.mjs
{
  "ok": true,
  "people": {
    "people": 2086,
    "rulers": 16,
    "peopleWithLifeEvents": 514,
    "lifeEvents": 947
  },
  "portraitCandidates": {
    "candidates": 100,
    "existingPortraitAssets": 512,
    "expectedAfterProduction": 375
  },
  "battles": {
    "records": 62,
    "linkedRecords": 49,
    "noExplicitPersonRecords": 12,
    "ambiguousRecords": 1,
    "links": 106
  },
  "fangzhen": {
    "records": 523,
    "verified": 45,
    "candidate": 478,
    "dynasties": {
      "后汉": 6,
      "季汉": 99,
      "魏": 173,
      "吴": 213,
      "西晋": 31,
      "东晋": 1
    }
  },
  "epigraphy": {
    "records": 166,
    "withInscription": 59,
    "withoutInscription": 107,
    "dynasties": {
      "后汉": 6,
      "季汉": 8,
      "魏": 20,
      "吴": 15,
      "西晋": 56,
      "东晋": 61
    }
  },
  "aggregate": "6ebce13142d78c9df2f42545f0d10af288a2d1046e6da256a047cbae8fb6beb5"
}

▶ build-v73-review-status-ledger.mjs
{
  "ok": true,
  "totals": {
    "verified": 2425,
    "pending": 1372,
    "disputed": 94,
    "suppressed": 93
  },
  "modules": [
    {
      "label": "人物实体",
      "verified": 2086,
      "pending": 327,
      "disputed": 14,
      "suppressed": 17,
      "excludedFromStatistics": 358
    },
    {
      "label": "任官事实",
      "verified": 263,
      "pending": 510,
      "disputed": 2,
      "suppressed": 76,
      "excludedFromStatistics": 588
    },
    {
      "label": "州镇职任",
      "verified": 45,
      "pending": 408,
      "disputed": 70,
      "suppressed": 0,
      "excludedFromStatistics": 503
    },
    {
      "label": "金石记录",
      "verified": 31,
      "pending": 127,
      "disputed": 8,
      "suppressed": 0,
      "excludedFromStatistics": 105
    }
  ]
}

▶ build-release-summary.mjs
{"people":2086,"appointments":{"verified":263,"pending":510,"disputed":2,"suppressed":76},"biographies":96,"portraitAssets":512,"peopleWithPortraits":505,"peopleWithEvents":514}

▶ build-local-data.mjs
已校验并生成十六期注册表脚本：huangjin → shaodi → dongzhuo → xingping → jianbing → guandu → chibi → xiangfan → sanguo → beifa → guijin → hanwang → jinchu → taikang → hui_di → yongjia
已校验并生成本地州郡几何脚本：/workspace/sites/tk-lab/atlas/assets/map/data/All_Provinces.json
已校验并生成 V7 历史证据脚本：16 期、19 条来源
确定性写入：0 个产物发生变化，4 个产物与规范源已一致

▶ build-reader-bundle.mjs
已生成 V69 读者 Web 包：/workspace/sites/tk-lab/atlas/exports/观史台-读者版
读者包：598 文件，205645495 字节，2086 人，512 张立绘
泄露扫描：本机绝对路径0，审校运行文件0，禁止投影字段0

▶ build-portable-export.mjs
已生成轻量联网单文件：/workspace/sites/tk-lab/atlas/exports/观史台-轻量单文件版.html（52743762 字节）
已更新兼容便携路径：/workspace/sites/tk-lab/atlas/exports/三国职官谱-单文件版.html
单文件立绘：内嵌 55/510 张，原图预算 18860490/18874368 字节
已生成真离线 ZIP：/workspace/sites/tk-lab/atlas/exports/观史台-离线版.zip（598 个文件，196392825 字节，远程运行依赖 0）

▶ build-asset-manifest.mjs
已生成资源清单：821 个文件，336327373 字节

▶ build-deployment-manifest.mjs
已生成部署清单：600 个文件，454890353 字节
部署聚合哈希：ecc2821470505c9c902026adc8a8f35eabe67cef73a5d4f2892b9b4a8a72b9c1

V82 build-all 已完成。
输入锁：2536b5431f63dec657cdec5c558864e3df05a9bda99113158ef2ed37d4bb5900
产物：读者 Web 包／轻量单 HTML／离线 ZIP／本地资源清单／部署清单

✓ 连续两次构建哈希一致：561e2bfbaa6cdf3b84299448bc81645a4a7a2b3e3935ac0ccc9b6e73553cf903

▶ verify-project.mjs
项目验证通过
十六期：184、189、190、194、199、200、208、219、220、228、263、264、266、280、290、311
184/189/190 十三州、194/200 河西雍州、263 魏汉吴、264 魏吴、266 晋吴、280 十九州均已锁定
职官谱｜州镇表｜金石录｜形势图命名、官品规则与东晋扩展边界已锁定

▶ verify-v71.mjs
✔ V75 removes five false people and consolidates corroboration without losing source evidence (153.636908ms)
✔ V74 chancellery evidence preserves refutations, corrected subjects and unknown dates (16.534428ms)
✔ reviewed identities extend the frozen roster without losing ids or publishing the old Wei candidate (87.539959ms)
✔ identity resolution cannot publish an unreviewed appointment; source edits invalidate review (0.540658ms)
✔ all 149 formerly published assertions have dispositions; corrected subjects and negations survive rebuild (3.590418ms)
✔ snapshots contain confirmed, bounded tenures only, including inclusive endpoints (2.560289ms)
✔ verified administrative tenures resolve into person timelines; candidates do not (12.842149ms)
✔ person links switch module, await data, and prevent stale results from replacing a later selection (0.442382ms)
✔ host routes require the expected frame and origin, and preserve archive context (0.590662ms)
✔ a history restore within people cancels an older in-flight person link (0.329386ms)
✔ canonical, portable scripts and shared reader templates compile (450.030318ms)
✔ all existing inscriptions, sections and variants are preserved verbatim (3.150359ms)
✔ the final reader retains all six reviewed transcriptions and variants without legacy overlays (13.171572ms)
✔ reviewed Wei texts reach the final reader with lacunae and provenance intact (3.608214ms)
✔ epigraphy publication rejects changed sources, edited text and overwrites (10.162706ms)
✔ epigraphy dates do not coerce unknown years into the Han period (2.77775ms)
✔ the inscription filter includes transmitted and fragmentary texts without rewriting their status (2.624913ms)
✔ reviewed old commentary retains its text and rejects altered apparatus (10.347759ms)
✔ reviewed biographies pin identities and evidence without replacing existing biographies (14.279901ms)
✔ Tai Shi corrections preserve source years and reject stale or ambiguous reviews (8.964709ms)
✔ the next Jin texts preserve all 56 existing texts and keep the Yang Zhao variant separate (2.572746ms)
✔ V76 corrects succession chronology and requires explicit guards for revised reviews (80.539765ms)
✔ V76 biography corrections preserve old wording and reject stale or unreviewed replacements (10.392195ms)
✔ V80 withdraws seven false identities while freezing all ten associated sources and original portrait files (81.895175ms)
ℹ tests 24
ℹ suites 0
ℹ pass 24
ℹ fail 0
ℹ cancelled 0
ℹ skipped 0
ℹ todo 0
ℹ duration_ms 1086.444932

▶ verify-map-data.mjs
地图几何验证通过
184/190 州级结构：并州、扬州、豫州、兖州、青州、徐州、司隶、荆州、益州、凉州、交州、幽州、冀州
263 郡级政权：wei、wu、shu
264 郡级政权：wei、wu
266 郡级政权：jin、wu
郡级快照：200 年 99 郡；208 年 105 郡；220 年 125 郡
V41 郡名锚点：十六期全部郡块均已生成
280 十九州：并州、扬州、豫州、兖州、青州、徐州、司州、荆州、宁州、益州、梁州、秦州、交州、广州、平州、幽州、凉州、雍州、冀州
十六期势力完整性、189 年官员注记、190 年分郡势力、194 兴平节点与 263/264 年状态已通过审计

▶ verify-historical-model.mjs
历史数据模型验证通过
默认州镇职任：504 条；东晋扩展：2 条
职官、爵位、人物、任官、辖区与史料关联字段完整

▶ verify-research-model.mjs
统一研究数据模型验证通过
研究模型 v10；开府资格 5 类；行政沿革事件 51 条；V7时期快照 16 期、来源 19 条

▶ verify-v63.mjs
{
  "ok": true,
  "registryPeople": 2427,
  "readerPeople": 2086,
  "legacyMappings": 1140,
  "sourceRecordMappings": 2013,
  "originalZiConflicts": 14,
  "additionalZiConflicts": 3,
  "isolatedSnapshotRecords": 18,
  "addedJinLegacyMappings": 9,
  "protectedExistingPeople": 10,
  "portraitAssets": 512,
  "unresolvedPortraits": 0
}

▶ verify-v64.mjs
{
  "ok": true,
  "v63": {
    "registryPeople": 2427,
    "readerPeople": 2086
  },
  "readerBundle": {
    "files": 598,
    "bytes": 205645495,
    "aggregateSha256": "1a398d74b43a8375bad96ad7bed31493a5e6b947a7508891153a84acce2fba6e"
  },
  "firstScreen": {
    "files": 26,
    "gzipBytes": 733674,
    "limit": 819200
  },
  "lightHtml": {
    "bytes": 52743762,
    "limit": 83886080
  },
  "offlineZip": {
    "bytes": 196392825
  },
  "deployment": {
    "files": 600,
    "aggregateSha256": "ecc2821470505c9c902026adc8a8f35eabe67cef73a5d4f2892b9b4a8a72b9c1"
  },
  "leakScan": "ok",
  "jsonJsEquivalence": "ok",
  "mapInvariant": [
    "huangjin",
    "shaodi",
    "dongzhuo",
    "xingping",
    "jianbing",
    "guandu",
    "chibi",
    "xiangfan",
    "sanguo",
    "beifa",
    "guijin",
    "hanwang",
    "jinchu",
    "taikang",
    "hui_di",
    "yongjia"
  ]
}

▶ verify-v65-battle-shihuo.mjs
{
  "version": "V65",
  "battlefields": {
    "total": 12,
    "coordinatesUnchanged": true,
    "sourceClosed": 12
  },
  "shihuo": {
    "total": 8,
    "chartEligible": 4,
    "notComparable": 4,
    "explicitNoCandidate": 1
  },
  "checks": "passed"
}

▶ verify-v65-epigraphy.mjs
{
  "ok": true,
  "baseline": {
    "records": 188,
    "withInscription": 50,
    "withoutInscription": 138
  },
  "v65": {
    "audited": 138,
    "adopted": 2,
    "adoptedIds": [
      "wei-kongxian-stele",
      "wu-liangxiu-stele"
    ],
    "remainingBlank": 136,
    "sourceLevels": {
      "individual-discovery": 136,
      "金石目录录文": 2
    }
  },
  "deterministic": true
}

▶ verify-v65-fangzhen.mjs
V65 州镇验证通过
州镇 533 条；Wikipedia 候选 182（原典已核 1，discovery-only 181）
原缺定位 200 条；原典收口 19；reader-visible 45；review-only 488

▶ verify-v65-research.mjs
{
  "status": "passed",
  "generalTitles": {
    "total": 154,
    "byPolity": {
      "wei": 46,
      "shu": 35,
      "wu": 51,
      "jin": 22
    },
    "byDisposition": {
      "确定": 89,
      "推定": 20,
      "明确无候选": 35,
      "存疑": 1,
      "排除": 6,
      "争议": 3
    },
    "verifiedCount": 89,
    "reviewOnlyCount": 65,
    "openSearchCount": 0,
    "exactHitCount": 4153,
    "recordsWithExactHits": 137,
    "recordsWithoutExactHits": 17,
    "noExactHitKeys": [
      "wei:112:安众将军",
      "wei:113:安夷将军",
      "wei:171:殄吴将军",
      "wei:178:翼卫将军",
      "wei:179:讨夷将军",
      "wei:180:怀远将军",
      "wei:182:忠义将军",
      "wei:184:绥边将军",
      "shu:180:中郎将系统",
      "wu:70:威东将军",
      "wu:72:威西将军",
      "wu:131:威武将军",
      "wu:180:中郎将系统",
      "wu:181:校尉系统",
      "wu:182:都尉系统",
      "jin:150:中郎将系统",
      "jin:152:都尉系统"
    ]
  },
  "volumes": {
    "reviewedVolumeCount": 6,
    "volumesWithCandidates": 5,
    "volumesWithoutInScopeCandidates": 1,
    "candidateCount": 40,
    "exclusionCount": 6,
    "dispositionCounts": {
      "确定": 5,
      "排除": 1
    }
  },
  "hashes": {
    "generalTitleJson": "c995be26a4f94804e09a17c30c40dc4fb7bb4ff2b6e99321d5729280b6702528",
    "volumeReviewJson": "eae8f2adeb974df4e3c4dc419c644a683cde94c22f447f3fac48022025095f8c"
  }
}

▶ verify-v66-han-court-ui.mjs
后汉官职结构图验收通过：规范数据未改，单一专题、东宫府属、全局检索边界与移动详情契约完整。

▶ verify-v66-runtime-init.mjs
V66 运行时初始化验证通过：持久化核心同步注册、接口门禁与 iframe 缓存键完整。

▶ verify-v66.mjs
{
  "ok": true,
  "version": "V66",
  "people": 2086,
  "portraits": 512,
  "map": {
    "periods": 16,
    "files": 36,
    "bytes": 7507925
  },
  "peerage": {
    "events": 525,
    "nodes": 13
  },
  "fangzhen": {
    "audit": 533,
    "reader": 45
  },
  "battle": {
    "canonical": 84,
    "reader": 62
  }
}

▶ verify-v67.mjs
{
  "ok": true,
  "fangzhen": {
    "records": 45,
    "verifiedSeats": 27,
    "hiddenSeats": 18,
    "linkedSeatPeriods": 17,
    "canonicalSeatPeriods": 19
  },
  "epigraphy": {
    "records": 188,
    "withInscription": 52,
    "withoutInscription": 136,
    "pageSize": 12
  },
  "safeHighlight": true
}

▶ verify-v68.mjs
{
  "ok": true,
  "biographies": 96,
  "fangzhen": {
    "records": 45,
    "levels": {
      "州": 36,
      "方镇": 9
    },
    "dynasties": {
      "后汉": 5,
      "季汉": 6
    }
  },
  "removedRelatedOfficials": true
}

▶ verify-v69.mjs
{
  "ok": true,
  "people": 2086,
  "lifeEvents": 947,
  "portraitCandidates": 100,
  "portraitCompleted": 100,
  "portraitAdditionsV70": 50,
  "battleLinks": 106,
  "fangzhen": {
    "records": 523,
    "verified": 45,
    "candidate": 478,
    "dynasties": {
      "后汉": 6,
      "季汉": 99,
      "魏": 173,
      "吴": 213,
      "西晋": 31,
      "东晋": 1
    }
  },
  "epigraphy": {
    "records": 166,
    "withInscription": 59,
    "withoutInscription": 107,
    "dynasties": {
      "后汉": 6,
      "季汉": 8,
      "魏": 20,
      "吴": 15,
      "西晋": 56,
      "东晋": 61
    }
  },
  "figma": "complete"
}

▶ verify-v70.mjs
{
  "ok": true,
  "version": "V70",
  "readerPeople": 2086,
  "portraits": {
    "baseline": 362,
    "addedV70": 50,
    "addedV73": 100,
    "total": 512
  },
  "v70": {
    "dynasty": "魏",
    "candidates": 50,
    "readyAssets": 50,
    "figma": "pending-figma-upload"
  },
  "fangzhenTitlesNormalized": true
}

▶ verify-v73.mjs
{
  "ok": true,
  "version": "V73",
  "readerPeople": 2086,
  "portraits": {
    "added": 100,
    "total": 512
  },
  "figma": {
    "page": "V73 / Portraits",
    "nodes": 100
  },
  "reviewModules": 4,
  "removedNonPerson": "安国"
}

V82 release:check 全部通过。
双重构建哈希：561e2bfbaa6cdf3b84299448bc81645a4a7a2b3e3935ac0ccc9b6e73553cf903
当前不变量验证：19 项
历史快照验证：未执行（使用 --include-historical 单独审计）
注意：本命令不调用 Sites，也不修改站点权限。
npm warn Unknown env config "http-proxy". This will stop working in the next major version of npm.

> site-creator-vinext-starter@0.1.0 sync:reader
> node scripts/sync-reader-bundle.mjs

已同步读者版：598 个文件，来源哈希 1a398d74b43a8375bad96ad7bed31493a5e6b947a7508891153a84acce2fba6e
npm warn Unknown env config "http-proxy". This will stop working in the next major version of npm.

> site-creator-vinext-starter@0.1.0 typecheck
> tsc --noEmit --incremental false

npm warn Unknown env config "http-proxy". This will stop working in the next major version of npm.

> site-creator-vinext-starter@0.1.0 lint
> eslint . --ignore-pattern dist --ignore-pattern .next


/workspace/sites/tk-lab/types/cloudflare.d.ts
      1:1   warning  Unused eslint-disable directive (no problems were reported)
  10014:44  warning  Unused eslint-disable directive (no problems were reported)
  10031:70  warning  Unused eslint-disable directive (no problems were reported)

✖ 3 problems (0 errors, 3 warnings)
  0 errors and 3 warnings potentially fixable with the `--fix` option.

npm warn Unknown env config "http-proxy". This will stop working in the next major version of npm.

> site-creator-vinext-starter@0.1.0 build:site
> WRANGLER_LOG_PATH=.wrangler/wrangler.log vinext build && node scripts/prune-site-build.mjs


  vinext build  (Vite 8.0.13)

[33m▲ [43;33m[[43;30mWARNING[43;33m][0m [1mProxy environment variables detected. We'll use your proxy for fetch requests.[0m


[1/5] analyze client references...
[2Ktransforming...✓ 131 modules transformed.
rendering chunks...
[33m[PLUGIN_TIMINGS] [0mYour build spent significant time in plugins. Here is a breakdown:
  - vinext:jsx-in-js (54%)
  - vinext:config (18%)
  - rsc:virtual-client-package (9%)
  - vinext:react-canary (9%)
  - vite:css (9%)
See https://rolldown.rs/options/checks#plugintimings for more details.

✓ built in 3m 16s
[2/5] analyze server references...
[2Ktransforming...✓ 50 modules transformed.
rendering chunks...
✓ built in 69ms
[3/5] build rsc environment...
[2Ktransforming...✓ 137 modules transformed.
rendering chunks...
computing gzip size...
[33m[PLUGIN_TIMINGS] [0mYour build spent significant time in plugins. Here is a breakdown:
  - vinext:jsx-in-js (50%)
  - vinext:strip-server-exports (30%)
  - rsc:virtual-client-package (10%)
  - vite:css (10%)
See https://rolldown.rs/options/checks#plugintimings for more details.

✓ built in 3m 14s
[4/5] build client environment...
[2Ktransforming...✓ 58 modules transformed.
rendering chunks...
computing gzip size...
✓ built in 410ms
[5/5] build ssr environment...
[2Ktransforming...✓ 56 modules transformed.
rendering chunks...
computing gzip size...
✓ built in 312ms
[0m
  Route (app)
  ─ ? /

  ? Unknown

  ? Some routes could not be classified. vinext currently uses static analysis
    and cannot detect dynamic API usage (headers(), cookies(), etc.) at build time.
    Automatic classification will be improved in a future release.

  Build complete. Run `vinext start` to start the production server.

Sites build pruned: kept 512 runtime portraits; removed 0 files (0 bytes); optimized 497 portraits (156347046 bytes); deployment manifest 2123 files (40237cc43377fb1a594f639bf242b350150e856d43010083ae0f860176f98082).
npm warn Unknown env config "http-proxy". This will stop working in the next major version of npm.

> site-creator-vinext-starter@0.1.0 test:built
> node --test tests/*.test.mjs

✔ records an owner-only Sites access check; release requires freshness (4.532758ms)
✔ release access rejects expired, future, malformed and widened snapshots (3.149447ms)
✔ post-prune deployment manifest matches every packaged file (715.241176ms)
✔ twenty representative journeys retain reviewed identities, appointments and matching timeline facts (15.104808ms)
✔ reviewed succession replaces stale cached dates and preserves separate acting/restoration events (1.287971ms)
✔ succession preserves unknown years, acting office names and independent institution history (0.814542ms)
✔ public office projection fails closed for missing identities or citations (8.697033ms)
✔ deployed responsive portraits preserve source identity and actual dimensions (1596.360903ms)
✔ deploys only the field-gated reader projection (179.340431ms)
✔ renders imported text only through text bindings (8.101544ms)
✔ keeps the synchronous first-view payload within 800 KiB compressed (111.308656ms)
✔ reader manifest entries remain internally self-consistent before site optimization (3.235825ms)
✔ V75 removes five false people and consolidates corroboration without losing source evidence (252.48247ms)
✔ V74 chancellery evidence preserves refutations, corrected subjects and unknown dates (14.194475ms)
✔ reviewed identities extend the frozen roster without losing ids or publishing the old Wei candidate (88.196698ms)
✔ identity resolution cannot publish an unreviewed appointment; source edits invalidate review (0.433129ms)
✔ all 149 formerly published assertions have dispositions; corrected subjects and negations survive rebuild (3.813177ms)
✔ snapshots contain confirmed, bounded tenures only, including inclusive endpoints (2.747314ms)
✔ verified administrative tenures resolve into person timelines; candidates do not (15.855695ms)
✔ person links switch module, await data, and prevent stale results from replacing a later selection (0.440621ms)
✔ host routes require the expected frame and origin, and preserve archive context (0.570722ms)
✔ a history restore within people cancels an older in-flight person link (0.299713ms)
✔ canonical, portable scripts and shared reader templates compile (534.288121ms)
✔ all existing inscriptions, sections and variants are preserved verbatim (4.227638ms)
✔ the final reader retains all six reviewed transcriptions and variants without legacy overlays (15.501824ms)
✔ reviewed Wei texts reach the final reader with lacunae and provenance intact (3.760398ms)
✔ epigraphy publication rejects changed sources, edited text and overwrites (10.361078ms)
✔ epigraphy dates do not coerce unknown years into the Han period (3.543989ms)
✔ the inscription filter includes transmitted and fragmentary texts without rewriting their status (9.456574ms)
✔ reviewed old commentary retains its text and rejects altered apparatus (2.065578ms)
✔ reviewed biographies pin identities and evidence without replacing existing biographies (18.953056ms)
✔ Tai Shi corrections preserve source years and reject stale or ambiguous reviews (11.331461ms)
✔ the next Jin texts preserve all 56 existing texts and keep the Yang Zhao variant separate (3.466075ms)
✔ V76 corrects succession chronology and requires explicit guards for revised reviews (88.057372ms)
✔ V76 biography corrections preserve old wording and reject stale or unreviewed replacements (8.811882ms)
✔ V80 withdraws seven false identities while freezing all ten associated sources and original portrait files (83.369215ms)
✔ server-renders the historical atlas shell (90.158472ms)
✔ packages the current court, reader people, and map assets (12.221694ms)
✔ packages the V63 field-gated full people reader projection (15.618045ms)
✔ packages all 512 production portraits and the V73 reader records (38.901245ms)
✔ research triage remains unapproved and preserves exact input evidence (12.165541ms)
✔ all 59 existing inscriptions retain exact text including variants (5.078213ms)
✔ first source-review batch resolves 19 candidates without changing the 197 published facts (11.733213ms)
✔ reviewed annals preserve retrospective dates, Wei polity stages, refusal subjects and office transitions (6.652566ms)
✔ second source-review batch preserves all 213 published facts and freezes its 20 decisions (12.269424ms)
✔ second batch fixes subjects, preserves qualifications and refuses ambiguous or unregistered assignments (5.491413ms)
✔ third source-review batch freezes 20 decisions and preserves all 225 previously published facts (11.361364ms)
✔ fourth batch reviews exactly frozen rows 61–80 and preserves prior facts except one guarded citation correction (14.191681ms)
✔ fourth batch keeps corrected subjects, East Palace scope, full offices and unknown end dates (3.831684ms)
✔ V81 prior-review corrections pin immutable decisions and reconcile the 80-item queue without double counting (19.78883ms)
✔ fifth batch reviews exactly frozen rows 81–100 while preserving all 251 prior facts and identity boundaries (14.899886ms)
✔ fifth batch distinguishes refusal, exemption from bowing, posthumous titles and complete offices (119.95939ms)
✔ V82 closes the frozen queue as 66 approved, 25 excluded and 9 pending without rewriting prior checkpoints (6.90647ms)
ℹ tests 53
ℹ suites 0
ℹ pass 53
ℹ fail 0
ℹ cancelled 0
ℹ skipped 0
ℹ todo 0
ℹ duration_ms 1739.548108
npm warn Unknown env config "http-proxy". This will stop working in the next major version of npm.

> site-creator-vinext-starter@0.1.0 release:access
> REQUIRE_FRESH_SITE_ACCESS=1 node --test tests/access-policy.test.mjs

✔ records an owner-only Sites access check; release requires freshness (3.586613ms)
✔ release access rejects expired, future, malformed and widened snapshots (2.657411ms)
ℹ tests 2
ℹ suites 0
ℹ pass 2
ℹ fail 0
ℹ cancelled 0
ℹ skipped 0
ℹ todo 0
ℹ duration_ms 96.809903
