✔ records an owner-only Sites access check; release requires freshness (8.244376ms)
✔ release access rejects expired, future, malformed and widened snapshots (5.407411ms)
✔ candidate visibility, workflow and factual verification remain independent (1.129514ms)
✔ unknown endpoints and inferred years never make certain tenure claims (1.531613ms)
✔ same-name people remain distinct; identity cycles and alias collisions fail (0.638347ms)
✔ evidence binds an immutable source version and rejects a dangling or duplicate link (0.924616ms)
✔ duplicate corroboration retains evidence but is neither false nor counted twice (0.660282ms)
✔ revision conflict preserves original history and caller input is detached (13.490447ms)
✔ editing a verified assertion requires review of the exact new bytes (3.591727ms)
✔ import identity is stable across mapping key order but changes with file, mapping or importer (2.000983ms)
✔ reader whitelist excludes working notes; source quotes retain exact whitespace (1.076935ms)
✔ a fixed candidate ignores later edits; changed artifacts invalidate approval; success needs matching receipt (11.024745ms)
✔ canonical hashing rejects lossy or non-JSON values (0.492224ms)
✔ a pending alias never inherits the verified name decision (1.606213ms)
✔ reader projection merges duplicate evidence without adding a second appointment (0.283729ms)
✔ candidate manifest includes the older source revision actually cited (9.057135ms)
✔ additive migration preserves owner and one saved fact feeds person, office, state and pinned quotations (1822.849842ms)
✔ unknown and non-held tenures stay out of snapshots; withdrawing removes every managed view (1189.339277ms)
✔ cross-polity, wrong-person, conflicting state claims and invalid unit links fail without partial facts (982.121345ms)
✔ backup v3 includes ownership links and the restore verifier still admits exact v2 backups (635.083567ms)
✔ explicit state power kinds publish without changing jurisdiction semantics (452.745603ms)
✔ civil and military power combinations remain data, not a combined-office flag (448.513085ms)
✔ shadow import closes the frozen V86 appointment status counts without promoting candidates (3.684863ms)
✔ every original byte, including full registry and superseded decisions, is retained (214.199656ms)
✔ person and appointment IDs are mapped one for one, not merely counted (334.439698ms)
✔ existing reader payloads, peerage relation keys and identity maps survive unchanged (342.864922ms)
✔ source excerpts and supporting quotes are preserved without trimming or normalization (29.254637ms)
✔ unresolved identity links are explicit and do not invent people or erase facts (3.679974ms)
✔ non-person exclusions stay as terms without fabricated person IDs (289.713956ms)
✔ actual D1 persists immutable revisions and rolls back a stale CAS (1130.931147ms)
✔ idempotent save retry does not append another revision and rejects another payload (334.876717ms)
✔ owner and mutation guards reject unsigned, non-owner, cross-origin and action requests (2.950247ms)
✔ original file is retained and staged imports stay invisible until one complete commit (580.486776ms)
✔ fixed publication uses cited source revision, switches atomically, and rollback retains drafts (2151.577197ms)
✔ real baseline records pass domain and relational import validation (445.291016ms)
✔ backup restores D1 history, originals and published snapshots into an empty database (1851.5758ms)
✔ complete baseline bootstrap commits 7155 records once and reproduces all reader facts (126765.752619ms)
✔ all sixteen reported simplified names match through the actual reader search (11.920332ms)
✔ reviewed epigraphy preserves source text and unknown years, and rejects stale decisions (13.421555ms)
✔ all 59 baseline candidates have a disposition; new or changed findings require reassessment (577.846379ms)
✔ post-prune deployment manifest matches every packaged file (1391.833222ms)
✔ cold map initialization cannot replace the requested battle period (4.216666ms)
✔ map period messages reject foreign frames and invalid indices (2.658401ms)
✔ twenty representative journeys retain reviewed identities, appointments and matching timeline facts (27.82913ms)
✔ reviewed succession replaces stale cached dates and preserves separate acting/restoration events (5.881707ms)
✔ succession preserves unknown years, acting office names and independent institution history (0.749782ms)
✔ public office projection fails closed for missing identities or citations (5.374858ms)
✔ deployed responsive portraits preserve source identity and actual dimensions (2664.585443ms)
✔ deploys only the field-gated reader projection (245.142412ms)
✔ renders imported text only through text bindings (7.45914ms)
✔ keeps the synchronous first-view payload within 800 KiB compressed (76.472754ms)
✔ reader manifest entries remain internally self-consistent before site optimization (2.990691ms)
✔ all visible modules share host routes and reading return (2.64578ms)
✔ boot timeout accepts late readiness and ignores disposed timers (0.735135ms)
✔ host rejects foreign readiness and prevents handshake loops (2.652423ms)
✔ retry restores selected detail without reporting stale failure (3.177844ms)
✔ single HTML resolves shared imports once and retains navigation (4.412108ms)
✔ identity and portrait gates reject same-count replacements (23.607659ms)
✔ global search prepares lazy domains, opens stable records and keeps pending records visible by default (1.795472ms)
✔ food withdrawal is closed across records, events and metrics while source is preserved (11.571627ms)
✔ food facts retain independent source and uncertain dates without silently upgrading estimates (14.178237ms)
✔ cross-module reading trail restores exact filtered context and rejects external destinations (2.276336ms)
✔ food pagination reacts when its lazy module and records finish loading (28.855553ms)
✔ actual reading-return handler uses browser history even when editor history exists (6.272669ms)
✔ office-holder handler ignores a late load after navigation changes (6.735287ms)
✔ food all-period scope and explicit candidate inclusion survive actual URL handlers (8.520471ms)
✔ shared filters count, name and clear only active conditions across reader modules (7.822182ms)
✔ V75 removes five false people and consolidates corroboration without losing source evidence (522.462151ms)
✔ V74 chancellery evidence preserves refutations, corrected subjects and unknown dates (61.706099ms)
✔ reviewed identities extend the frozen roster without losing ids or publishing the old Wei candidate (391.26042ms)
✔ identity resolution cannot publish an unreviewed appointment; source edits invalidate review (0.532392ms)
✔ all 149 formerly published assertions have dispositions; corrected subjects and negations survive rebuild (5.093601ms)
✔ snapshots contain confirmed, bounded tenures only, including inclusive endpoints (3.577679ms)
✔ verified administrative tenures resolve into person timelines; candidates do not (23.525136ms)
✔ person links switch module, await data, and prevent stale results from replacing a later selection (0.503184ms)
✔ host routes require the expected frame and origin, and preserve archive context (0.637985ms)
✔ a history restore within people cancels an older in-flight person link (0.376265ms)
✔ canonical, portable scripts and shared reader templates compile (507.403893ms)
✔ all existing inscriptions, sections and variants are preserved verbatim (6.251406ms)
✔ the final reader retains all six reviewed transcriptions and variants without legacy overlays (30.131906ms)
✔ reviewed Wei texts reach the final reader with lacunae and provenance intact (4.112648ms)
✔ epigraphy publication rejects changed sources, edited text and overwrites (12.942463ms)
✔ epigraphy dates do not coerce unknown years into the Han period (3.999782ms)
✔ the inscription filter includes transmitted and fragmentary texts without rewriting their status (4.087012ms)
✔ reviewed old commentary retains its text and rejects altered apparatus (2.209605ms)
✔ reviewed biographies pin identities and evidence without replacing existing biographies (42.337122ms)
✔ Tai Shi corrections preserve source years and reject stale or ambiguous reviews (14.887163ms)
✔ the next Jin texts preserve all 56 existing texts and keep the Yang Zhao variant separate (5.411395ms)
✔ V76 corrects succession chronology and requires explicit guards for revised reviews (380.584818ms)
✔ V76 biography corrections preserve old wording and reject stale or unreviewed replacements (32.116942ms)
✔ V80 withdraws seven false identities while freezing all ten associated sources and original portrait files (255.785294ms)
✔ server-renders the historical atlas shell (412.054998ms)
✔ packages the current court, reader people, and map assets (12.87186ms)
✔ packages the V63 field-gated full people reader projection (39.627345ms)
✔ packages all retained production portraits and the V73 reader records (67.544742ms)
✔ research triage remains unapproved and preserves exact input evidence (10.85597ms)
✔ all 59 existing inscriptions retain exact text including variants (5.929975ms)
✔ first source-review batch resolves 19 candidates without changing the 197 published facts (9.063465ms)
✔ reviewed annals preserve retrospective dates, Wei polity stages, refusal subjects and office transitions (5.866987ms)
✔ second source-review batch preserves all 213 published facts and freezes its 20 decisions (9.391709ms)
✔ second batch fixes subjects, preserves qualifications and refuses ambiguous or unregistered assignments (6.986509ms)
✔ third source-review batch freezes 20 decisions and preserves all 225 previously published facts (8.529069ms)
✔ fourth batch reviews exactly frozen rows 61–80 and preserves prior facts except one guarded citation correction (27.335318ms)
✔ fourth batch keeps corrected subjects, East Palace scope, full offices and unknown end dates (5.406457ms)
✔ V81 prior-review corrections pin immutable decisions and reconcile the 80-item queue without double counting (10.525741ms)
✔ fifth batch reviews exactly frozen rows 81–100 while preserving all 251 prior facts and identity boundaries (29.971883ms)
✔ fifth batch distinguishes refusal, exemption from bowing, posthumous titles and complete offices (340.221474ms)
✔ V82 closes the frozen queue as 66 approved, 25 excluded and 9 pending without rewriting prior checkpoints (7.985941ms)
✔ patched esbuild remains compatible with the Drizzle TypeScript loader (3.233929ms)
✔ read-only Worker rejects unused image and action endpoints before consuming a body (8.855372ms)
ℹ tests 110
ℹ suites 0
ℹ pass 110
ℹ fail 0
ℹ cancelled 0
ℹ skipped 0
ℹ todo 0
ℹ duration_ms 135441.346535
