npm warn Unknown env config "http-proxy". This will stop working in the next major version of npm.

> site-creator-vinext-starter@0.1.0 build:site
> npm run build:catalogue && WRANGLER_LOG_PATH=.wrangler/wrangler.log vinext build && node scripts/prune-site-build.mjs

npm warn Unknown env config "http-proxy". This will stop working in the next major version of npm.

> site-creator-vinext-starter@0.1.0 build:catalogue
> node scripts/build-catalogue.mjs

{"baselineRecords":7155,"seedBytes":41591093,"codeId":"9477b2bd58aa5de9d043f2911b61261114583f6a5d3687789b46ebcb45f7817a"}

  vinext build  (Vite 8.0.16)

[33m▲ [43;33m[[43;30mWARNING[43;33m][0m [1mProxy environment variables detected. We'll use your proxy for fetch requests.[0m


[1/5] analyze client references...
[2K
transforming...✓ 283 modules transformed.
rendering chunks...
✓ built in 1.89s
[2/5] analyze server references...
[2K
transforming...✓ 145 modules transformed.
rendering chunks...
✓ built in 219ms
[3/5] build rsc environment...
[2K
transforming...✓ 274 modules transformed.
rendering chunks...
computing gzip size...
✓ built in 2.54s
[4/5] build client environment...
[2K
transforming...✓ 150 modules transformed.
rendering chunks...
computing gzip size...
✓ built in 885ms
[5/5] build ssr environment...
[2K
transforming...✓ 143 modules transformed.
rendering chunks...
computing gzip size...
✓ built in 674ms
[0m
  Route (app)
  ─ ? /

  ? Unknown

  ? Some routes could not be classified. vinext currently uses static analysis
    and cannot detect dynamic API usage (headers(), cookies(), etc.) at build time.
    Automatic classification will be improved in a future release.

  Build complete. Run `vinext start` to start the production server.

Sites build pruned: kept 600 runtime portraits; removed 155 files (72275289 bytes); optimized 350 portraits (102388084 bytes); optimized 1 ui decorations (1951200 bytes); deployment manifest 2602 files (70484dcbe057b58784b0269f4964e7b2f33a6ec35f7f2653fb71255c7f822193).
