npm warn Unknown env config "http-proxy". This will stop working in the next major version of npm.

> site-creator-vinext-starter@0.1.0 verify:source
> npm run check:atlas && npm run check:ui && npm run check:wiring && npm run build:atlas -- --refresh-lock && npm run sync:reader && npm run build:catalogue && npm run typecheck && npm run test:source

npm warn Unknown env config "http-proxy". This will stop working in the next major version of npm.

> site-creator-vinext-starter@0.1.0 check:atlas
> node scripts/check-inline-script.mjs

✓ 内联脚本 #0 语法正确（615363 字符）
✓ 规范定义锚点完整（第 314 行起）
✓ 行尾为 LF
✓ 模板字面量闭合正确，共 807 行

✓ atlas/index.html 内联脚本校验通过
npm warn Unknown env config "http-proxy". This will stop working in the next major version of npm.

> site-creator-vinext-starter@0.1.0 check:ui
> node scripts/check-ui-templates.mjs

You are running a development build of Vue.
Make sure to use the production build (*.prod.js) when deploying for production.
✓ 界面单元模板校验通过（7 个文件，32 个组件）
  · battle-ui.js
  · fangzhen-ui.js
  · jinshi-ui.js
  · map-ui.js
  · offices-ui.js
  · people-ui.js
  · shihuo-ui.js
npm warn Unknown env config "http-proxy". This will stop working in the next major version of npm.

> site-creator-vinext-starter@0.1.0 check:wiring
> node scripts/check-component-wiring.mjs

模板自定义标签：57 个（Element Plus 25 个、读者共享 9 个已豁免）
已登记组件：23 个
✓ 模板中所有自定义标签均有登记来源
✓ 加载表 7 个界面单元路径均存在

✓ 组件接线校验通过
npm warn Unknown env config "http-proxy". This will stop working in the next major version of npm.

> site-creator-vinext-starter@0.1.0 build:atlas
> node atlas/scripts/build-all.mjs --refresh-lock

V60 工作簿未提供；使用已提交且受 sources.lock.json 保护的生成结果。
V61 工作簿未全部提供；使用已提交且受 sources.lock.json 保护的生成结果。

▶ build-v46-portrait-manifest.mjs
{"defaultPeople":123,"assetRecords":600,"indexedPersonIds":598,"specificPortraits":600,"designOnlyPortraits":0,"fallbackPortraits":0,"v62PortraitRecords":100,"peopleWithMultiplePortraits":2,"legacyPersonIdAliases":31,"figmaBoardRecords":50,"figmaBoardMapped":50,"v58PortraitRecords":20,"v58PortraitMapped":20,"v70PortraitRecords":50,"v73PortraitRecords":100,"dengAiSrc":"./assets/portraits/20261004/frontal/portrait-asset-b5a0d76c8a0feb4b2064-redraw.png","plannedV62Portraits":100,"readyV62Portraits":100}

▶ build-v63-person-registry.mjs
{
  "ok": true,
  "people": 5234,
  "readerPeople": 3621,
  "readerScopeVersion": "V90",
  "readerScopePeople": 3621,
  "scopeExcludedPeople": 29,
  "nonPersonExclusions": 29,
  "legacyMappings": 1140,
  "sourceRecordMappings": 2013,
  "ziConflicts": 17,
  "isolatedSnapshotRecords": 18,
  "addedJinLegacyMappings": 9,
  "protectedExistingPeople": 10,
  "portraitAssets": 600,
  "portraitPersonIds": 598,
  "unresolvedPortraits": 0,
  "verifiedFieldCounts": {
    "name": 3621,
    "aliases": 499,
    "zi": 122,
    "birthplace": 71,
    "birthYear": 38,
    "deathYear": 61,
    "bio": 102,
    "bioCitations": 28,
    "bioClassical": 0,
    "dynastyTags": 3209,
    "historicalAffiliations": 46,
    "appointments": 146,
    "peerage": 371,
    "portraits": 598
  }
}

▶ build-v66-peerage-stages.mjs
{
  "sourceReaderVisibleEvents": 525,
  "sourceReaderVisibleRelations": 542,
  "sourceReaderVisiblePeople": 374,
  "closedEvents": 525,
  "linkedEvents": 194,
  "hanPredecessorEvents": 79,
  "rankAmbiguousEvents": 22,
  "dynastyReviewEvents": 2,
  "postWeiReviewEvents": 2,
  "missingYearEvents": 227,
  "stageMisalignedEvents": 1,
  "partiallyLinkedEvents": 1,
  "rankStages": 603,
  "titleStages": 641,
  "multiRankEvents": 50,
  "stageAlignmentReviewEvents": 29,
  "linkedRelations": 194,
  "linkedPeople": 166,
  "dispositionCounts": {
    "han-predecessor": 79,
    "linked": 194,
    "missing-year": 227,
    "post-wei-review": 2,
    "rank-ambiguous": 22,
    "stage-misaligned": 1
  },
  "phaseCounts": {
    "han-predecessor": 79,
    "missing-year-review": 227,
    "mixed-stages": 1,
    "post-wei-review": 2,
    "wei-inherited-han": 159,
    "wei-xianxi-five-rank": 57
  },
  "stageDispositionCounts": {
    "han-predecessor": 79,
    "linked": 195,
    "missing-year": 304,
    "post-wei-review": 2,
    "rank-ambiguous": 22,
    "stage-misaligned": 1
  },
  "titleClassifiedMarquisStages": 289,
  "xianxiFiveRankMarquisStages": 16
}

▶ build-v66-fangzhen-seats.mjs
{
  "totalRecords": 533,
  "v65ReaderVisible": 45,
  "seatVerified": 27,
  "readerVisible": 45,
  "reviewOnly": 488,
  "readerVisibleWithSeat": 27,
  "readerVisibleWithoutSeat": 18,
  "upstreamReviewOnly": 488,
  "upstreamVisibleSeatUnresolved": 18,
  "v62JinTotal": 29,
  "v62JinReaderVisible": 29,
  "v62JinSeatVisible": 25,
  "v62JinSeatSuppressed": 4,
  "bySeatResolution": {
    "not-assessed-upstream-review-only": 488,
    "unresolved": 18,
    "verified": 27
  },
  "byPublication": {
    "reader-visible": 45,
    "review-only": 488
  }
}

▶ build-reader-bundle.mjs --relations-only
已生成 V63 纯净读者人物关联：任官 263，封爵关系 535

▶ build-office-succession.mjs
已生成 3 个职官的同源历任投影。

▶ build-v69-data.mjs
{
  "ok": true,
  "people": {
    "people": 3621,
    "rulers": 16,
    "peopleWithLifeEvents": 514,
    "lifeEvents": 947
  },
  "portraitCandidates": {
    "candidates": 100,
    "existingPortraitAssets": 600,
    "expectedAfterProduction": 375
  },
  "battles": {
    "records": 62,
    "linkedRecords": 49,
    "noExplicitPersonRecords": 12,
    "ambiguousRecords": 1,
    "links": 106
  },
  "fangzhen": {
    "records": 523,
    "verified": 45,
    "candidate": 478,
    "dynasties": {
      "后汉": 6,
      "季汉": 99,
      "魏": 173,
      "吴": 213,
      "西晋": 31,
      "东晋": 1
    }
  },
  "epigraphy": {
    "records": 166,
    "withInscription": 59,
    "withoutInscription": 107,
    "dynasties": {
      "后汉": 6,
      "季汉": 8,
      "魏": 20,
      "吴": 15,
      "西晋": 56,
      "东晋": 61
    }
  },
  "aggregate": "f068bb462860511734ba315eb39053f57e93a5a41132a13937582b948eaaa2e3"
}

▶ build-v73-review-status-ledger.mjs
{
  "ok": true,
  "totals": {
    "verified": 3960,
    "pending": 2641,
    "disputed": 94,
    "suppressed": 108
  },
  "modules": [
    {
      "label": "人物实体",
      "verified": 3621,
      "pending": 1599,
      "disputed": 14,
      "suppressed": 29,
      "excludedFromStatistics": 1642
    },
    {
      "label": "任官事实",
      "verified": 263,
      "pending": 507,
      "disputed": 2,
      "suppressed": 79,
      "excludedFromStatistics": 588
    },
    {
      "label": "州镇职任",
      "verified": 45,
      "pending": 408,
      "disputed": 70,
      "suppressed": 0,
      "excludedFromStatistics": 503
    },
    {
      "label": "金石记录",
      "verified": 31,
      "pending": 127,
      "disputed": 8,
      "suppressed": 0,
      "excludedFromStatistics": 105
    }
  ]
}

▶ build-release-summary.mjs
{"people":3621,"appointments":{"verified":263,"pending":507,"disputed":2,"suppressed":79},"biographies":101,"portraitAssets":600,"peopleWithPortraits":593,"peopleWithEvents":514}
已更新确定性输入锁：1217 个文件，ef1a9f1622912f96833d78afd2d4161f770487fef5e7afc8b4866d17e292cb37

▶ build-local-data.mjs
已校验并生成十六期注册表脚本：huangjin → shaodi → dongzhuo → xingping → jianbing → guandu → chibi → xiangfan → sanguo → beifa → guijin → hanwang → jinchu → taikang → hui_di → yongjia
已校验并生成本地州郡几何脚本：/workspace/scratch/ea3fed8f4c52/site-recovery/atlas/assets/map/data/All_Provinces.json
已校验并生成 V7 历史证据脚本：16 期、19 条来源
确定性写入：0 个产物发生变化，4 个产物与规范源已一致

▶ build-reader-bundle.mjs
已生成 V69 读者 Web 包：/workspace/scratch/ea3fed8f4c52/site-recovery/atlas/exports/观史台-读者版
读者包：871 文件，922860318 字节，3621 人，600 张立绘
泄露扫描：本机绝对路径0，审校运行文件0，禁止投影字段0

▶ build-portable-export.mjs
已生成轻量联网单文件：/workspace/scratch/ea3fed8f4c52/site-recovery/atlas/exports/观史台-轻量单文件版.html（52674809 字节）
已更新兼容便携路径：/workspace/scratch/ea3fed8f4c52/site-recovery/atlas/exports/三国职官谱-单文件版.html
单文件立绘：内嵌 8/598 张，原图预算 18867998/18874368 字节
已生成真离线 ZIP：/workspace/scratch/ea3fed8f4c52/site-recovery/atlas/exports/观史台-离线版.zip（871 个文件，908605747 字节，远程运行依赖 0）

▶ build-asset-manifest.mjs
已生成资源清单：1113 个文件，1072432381 字节

▶ build-deployment-manifest.mjs
已生成部署清单：873 个文件，1884304213 字节
部署聚合哈希：d6ecbd91065ee3ac2ed26e83e1d9739d171327d95134aed11fa5a7df9f7e0818

V90 build-all 已完成。
输入锁：ef1a9f1622912f96833d78afd2d4161f770487fef5e7afc8b4866d17e292cb37
产物：读者 Web 包／轻量单 HTML／离线 ZIP／本地资源清单／部署清单
npm warn Unknown env config "http-proxy". This will stop working in the next major version of npm.

> site-creator-vinext-starter@0.1.0 sync:reader
> node scripts/sync-reader-bundle.mjs

已同步读者版：871 个文件，来源哈希 8be613c5f4660dab6731c9f262715a90f947866621b4a76e1ae2ac89f054a267
npm warn Unknown env config "http-proxy". This will stop working in the next major version of npm.

> site-creator-vinext-starter@0.1.0 build:catalogue
> node scripts/build-catalogue.mjs

{"baselineRecords":7155,"seedBytes":41591093,"codeId":"9477b2bd58aa5de9d043f2911b61261114583f6a5d3687789b46ebcb45f7817a"}
npm warn Unknown env config "http-proxy". This will stop working in the next major version of npm.

> site-creator-vinext-starter@0.1.0 typecheck
> tsc --noEmit --incremental false

npm warn Unknown env config "http-proxy". This will stop working in the next major version of npm.

> site-creator-vinext-starter@0.1.0 test:source
> node --test tests/reader-semantics.test.mjs tests/office-succession.test.mjs tests/research-worklist.test.mjs tests/access-policy.test.mjs tests/reader-refinement.test.mjs tests/reader-product.test.mjs

✔ records an owner-only Sites access check; release requires freshness (7.001097ms)
✔ release access rejects expired, future, malformed and widened snapshots (4.064773ms)
✔ twenty representative journeys retain reviewed identities, appointments and matching timeline facts (17.029737ms)
✔ reviewed succession replaces stale cached dates and preserves separate acting/restoration events (1.274021ms)
✔ succession preserves unknown years, acting office names and independent institution history (0.461516ms)
✔ public office projection fails closed for missing identities or citations (4.416646ms)
✔ all visible modules share host routes and reading return (1.507257ms)
✔ boot timeout accepts late readiness and ignores disposed timers (0.275489ms)
✔ host rejects foreign readiness and prevents handshake loops (1.305698ms)
✔ retry restores selected detail without reporting stale failure (1.143317ms)
✔ single HTML resolves shared imports once and retains navigation (2.153546ms)
✔ identity and portrait gates reject same-count replacements (9.333003ms)
✔ global search prepares lazy domains, opens stable records and keeps pending records visible by default (1.033634ms)
✔ food withdrawal is closed across records, events and metrics while source is preserved (6.673691ms)
✔ food facts retain independent source and uncertain dates without silently upgrading estimates (11.179934ms)
✔ cross-module reading trail restores exact filtered context and rejects external destinations (1.114815ms)
✔ food pagination reacts when its lazy module and records finish loading (19.30793ms)
✔ actual reading-return handler uses browser history even when editor history exists (4.980031ms)
✔ office-holder handler ignores a late load after navigation changes (4.616653ms)
✔ food all-period scope and explicit candidate inclusion survive actual URL handlers (5.550498ms)
✔ shared filters count, name and clear only active conditions across reader modules (6.322244ms)
✔ V75 removes five false people and consolidates corroboration without losing source evidence (335.9058ms)
✔ V74 chancellery evidence preserves refutations, corrected subjects and unknown dates (30.414995ms)
✔ reviewed identities extend the frozen roster without losing ids or publishing the old Wei candidate (214.854123ms)
✔ identity resolution cannot publish an unreviewed appointment; source edits invalidate review (0.418892ms)
✔ all 149 formerly published assertions have dispositions; corrected subjects and negations survive rebuild (3.8399ms)
✔ snapshots contain confirmed, bounded tenures only, including inclusive endpoints (2.794818ms)
✔ verified administrative tenures resolve into person timelines; candidates do not (20.432819ms)
✔ person links switch module, await data, and prevent stale results from replacing a later selection (0.410229ms)
✔ host routes require the expected frame and origin, and preserve archive context (0.57911ms)
✔ a history restore within people cancels an older in-flight person link (0.315027ms)
✔ canonical, portable scripts and shared reader templates compile (359.498639ms)
✔ all existing inscriptions, sections and variants are preserved verbatim (4.522783ms)
✔ the final reader retains all six reviewed transcriptions and variants without legacy overlays (11.198041ms)
✔ reviewed Wei texts reach the final reader with lacunae and provenance intact (2.646047ms)
✔ epigraphy publication rejects changed sources, edited text and overwrites (8.109387ms)
✔ epigraphy dates do not coerce unknown years into the Han period (2.64802ms)
✔ the inscription filter includes transmitted and fragmentary texts without rewriting their status (2.470307ms)
✔ reviewed old commentary retains its text and rejects altered apparatus (1.700614ms)
✔ reviewed biographies pin identities and evidence without replacing existing biographies (28.917041ms)
✔ Tai Shi corrections preserve source years and reject stale or ambiguous reviews (9.897821ms)
✔ the next Jin texts preserve all 56 existing texts and keep the Yang Zhao variant separate (3.079251ms)
✔ V76 corrects succession chronology and requires explicit guards for revised reviews (224.684816ms)
✔ V76 biography corrections preserve old wording and reject stale or unreviewed replacements (32.706807ms)
✔ V80 withdraws seven false identities while freezing all ten associated sources and original portrait files (185.601603ms)
✔ research triage remains unapproved and preserves exact input evidence (8.689919ms)
✔ all 59 existing inscriptions retain exact text including variants (4.632196ms)
✔ first source-review batch resolves 19 candidates without changing the 197 published facts (6.206392ms)
✔ reviewed annals preserve retrospective dates, Wei polity stages, refusal subjects and office transitions (4.524836ms)
✔ second source-review batch preserves all 213 published facts and freezes its 20 decisions (7.839456ms)
✔ second batch fixes subjects, preserves qualifications and refuses ambiguous or unregistered assignments (4.007909ms)
✔ third source-review batch freezes 20 decisions and preserves all 225 previously published facts (8.88604ms)
✔ fourth batch reviews exactly frozen rows 61–80 and preserves prior facts except one guarded citation correction (21.59954ms)
✔ fourth batch keeps corrected subjects, East Palace scope, full offices and unknown end dates (5.623096ms)
✔ V81 prior-review corrections pin immutable decisions and reconcile the 80-item queue without double counting (6.770069ms)
✔ fifth batch reviews exactly frozen rows 81–100 while preserving all 251 prior facts and identity boundaries (20.524755ms)
✔ fifth batch distinguishes refusal, exemption from bowing, posthumous titles and complete offices (180.950449ms)
✔ V82 closes the frozen queue as 66 approved, 25 excluded and 9 pending without rewriting prior checkpoints (4.268817ms)
ℹ tests 58
ℹ suites 0
ℹ pass 58
ℹ fail 0
ℹ cancelled 0
ℹ skipped 0
ℹ todo 0
ℹ duration_ms 1674.707095
