npm warn Unknown env config "http-proxy". This will stop working in the next major version of npm.

> site-creator-vinext-starter@0.1.0 release:offline
> node atlas/scripts/release-check.mjs && npm run sync:reader && npm run build:catalogue && npm run typecheck && npm run lint && npm run build:site && npm run test:built


▶ build-all.mjs
V60 工作簿未提供；使用已提交且受 sources.lock.json 保护的生成结果。
V61 工作簿未全部提供；使用已提交且受 sources.lock.json 保护的生成结果。

▶ build-v46-portrait-manifest.mjs
{"defaultPeople":123,"assetRecords":600,"indexedPersonIds":598,"specificPortraits":600,"designOnlyPortraits":0,"fallbackPortraits":0,"v62PortraitRecords":100,"peopleWithMultiplePortraits":2,"legacyPersonIdAliases":31,"figmaBoardRecords":50,"figmaBoardMapped":50,"v58PortraitRecords":20,"v58PortraitMapped":20,"v70PortraitRecords":50,"v73PortraitRecords":100,"dengAiSrc":"./assets/portraits/wei/deng-ai-v2.png","plannedV62Portraits":100,"readyV62Portraits":100}

▶ build-v63-person-registry.mjs
{
  "ok": true,
  "people": 5234,
  "readerPeople": 3621,
  "readerScopeVersion": "V90",
  "readerScopePeople": 3621,
  "scopeExcludedPeople": 29,
  "nonPersonExclusions": 29,
  "legacyMappings": 1140,
  "sourceRecordMappings": 2013,
  "ziConflicts": 17,
  "isolatedSnapshotRecords": 18,
  "addedJinLegacyMappings": 9,
  "protectedExistingPeople": 10,
  "portraitAssets": 600,
  "portraitPersonIds": 598,
  "unresolvedPortraits": 0,
  "verifiedFieldCounts": {
    "name": 3621,
    "aliases": 499,
    "zi": 122,
    "birthplace": 71,
    "birthYear": 38,
    "deathYear": 61,
    "bio": 102,
    "bioCitations": 28,
    "bioClassical": 0,
    "dynastyTags": 3209,
    "historicalAffiliations": 46,
    "appointments": 146,
    "peerage": 371,
    "portraits": 598
  }
}

▶ build-v66-peerage-stages.mjs
{
  "sourceReaderVisibleEvents": 525,
  "sourceReaderVisibleRelations": 542,
  "sourceReaderVisiblePeople": 374,
  "closedEvents": 525,
  "linkedEvents": 194,
  "hanPredecessorEvents": 79,
  "rankAmbiguousEvents": 22,
  "dynastyReviewEvents": 2,
  "postWeiReviewEvents": 2,
  "missingYearEvents": 227,
  "stageMisalignedEvents": 1,
  "partiallyLinkedEvents": 1,
  "rankStages": 603,
  "titleStages": 641,
  "multiRankEvents": 50,
  "stageAlignmentReviewEvents": 29,
  "linkedRelations": 194,
  "linkedPeople": 166,
  "dispositionCounts": {
    "han-predecessor": 79,
    "linked": 194,
    "missing-year": 227,
    "post-wei-review": 2,
    "rank-ambiguous": 22,
    "stage-misaligned": 1
  },
  "phaseCounts": {
    "han-predecessor": 79,
    "missing-year-review": 227,
    "mixed-stages": 1,
    "post-wei-review": 2,
    "wei-inherited-han": 159,
    "wei-xianxi-five-rank": 57
  },
  "stageDispositionCounts": {
    "han-predecessor": 79,
    "linked": 195,
    "missing-year": 304,
    "post-wei-review": 2,
    "rank-ambiguous": 22,
    "stage-misaligned": 1
  },
  "titleClassifiedMarquisStages": 289,
  "xianxiFiveRankMarquisStages": 16
}

▶ build-v66-fangzhen-seats.mjs
{
  "totalRecords": 533,
  "v65ReaderVisible": 45,
  "seatVerified": 27,
  "readerVisible": 45,
  "reviewOnly": 488,
  "readerVisibleWithSeat": 27,
  "readerVisibleWithoutSeat": 18,
  "upstreamReviewOnly": 488,
  "upstreamVisibleSeatUnresolved": 18,
  "v62JinTotal": 29,
  "v62JinReaderVisible": 29,
  "v62JinSeatVisible": 25,
  "v62JinSeatSuppressed": 4,
  "bySeatResolution": {
    "not-assessed-upstream-review-only": 488,
    "unresolved": 18,
    "verified": 27
  },
  "byPublication": {
    "reader-visible": 45,
    "review-only": 488
  }
}

▶ build-reader-bundle.mjs --relations-only
已生成 V63 纯净读者人物关联：任官 263，封爵关系 535

▶ build-office-succession.mjs
已生成 3 个职官的同源历任投影。

▶ build-v69-data.mjs
{
  "ok": true,
  "people": {
    "people": 3621,
    "rulers": 16,
    "peopleWithLifeEvents": 514,
    "lifeEvents": 947
  },
  "portraitCandidates": {
    "candidates": 100,
    "existingPortraitAssets": 600,
    "expectedAfterProduction": 375
  },
  "battles": {
    "records": 62,
    "linkedRecords": 49,
    "noExplicitPersonRecords": 12,
    "ambiguousRecords": 1,
    "links": 106
  },
  "fangzhen": {
    "records": 523,
    "verified": 45,
    "candidate": 478,
    "dynasties": {
      "后汉": 6,
      "季汉": 99,
      "魏": 173,
      "吴": 213,
      "西晋": 31,
      "东晋": 1
    }
  },
  "epigraphy": {
    "records": 166,
    "withInscription": 59,
    "withoutInscription": 107,
    "dynasties": {
      "后汉": 6,
      "季汉": 8,
      "魏": 20,
      "吴": 15,
      "西晋": 56,
      "东晋": 61
    }
  },
  "aggregate": "f068bb462860511734ba315eb39053f57e93a5a41132a13937582b948eaaa2e3"
}

▶ build-v73-review-status-ledger.mjs
{
  "ok": true,
  "totals": {
    "verified": 3960,
    "pending": 2641,
    "disputed": 94,
    "suppressed": 108
  },
  "modules": [
    {
      "label": "人物实体",
      "verified": 3621,
      "pending": 1599,
      "disputed": 14,
      "suppressed": 29,
      "excludedFromStatistics": 1642
    },
    {
      "label": "任官事实",
      "verified": 263,
      "pending": 507,
      "disputed": 2,
      "suppressed": 79,
      "excludedFromStatistics": 588
    },
    {
      "label": "州镇职任",
      "verified": 45,
      "pending": 408,
      "disputed": 70,
      "suppressed": 0,
      "excludedFromStatistics": 503
    },
    {
      "label": "金石记录",
      "verified": 31,
      "pending": 127,
      "disputed": 8,
      "suppressed": 0,
      "excludedFromStatistics": 105
    }
  ]
}

▶ build-release-summary.mjs
{"people":3621,"appointments":{"verified":263,"pending":507,"disputed":2,"suppressed":79},"biographies":101,"portraitAssets":600,"peopleWithPortraits":593,"peopleWithEvents":514}

▶ build-local-data.mjs
已校验并生成十六期注册表脚本：huangjin → shaodi → dongzhuo → xingping → jianbing → guandu → chibi → xiangfan → sanguo → beifa → guijin → hanwang → jinchu → taikang → hui_di → yongjia
已校验并生成本地州郡几何脚本：/workspace/scratch/ea3fed8f4c52/site-recovery/atlas/assets/map/data/All_Provinces.json
已校验并生成 V7 历史证据脚本：16 期、19 条来源
确定性写入：0 个产物发生变化，4 个产物与规范源已一致

▶ build-reader-bundle.mjs
已生成 V69 读者 Web 包：/workspace/scratch/ea3fed8f4c52/site-recovery/atlas/exports/观史台-读者版
读者包：784 文件，695962750 字节，3621 人，600 张立绘
泄露扫描：本机绝对路径0，审校运行文件0，禁止投影字段0

▶ build-portable-export.mjs
已生成轻量联网单文件：/workspace/scratch/ea3fed8f4c52/site-recovery/atlas/exports/观史台-轻量单文件版.html（52624464 字节）
已更新兼容便携路径：/workspace/scratch/ea3fed8f4c52/site-recovery/atlas/exports/三国职官谱-单文件版.html
单文件立绘：内嵌 10/598 张，原图预算 18868441/18874368 字节
已生成真离线 ZIP：/workspace/scratch/ea3fed8f4c52/site-recovery/atlas/exports/观史台-离线版.zip（784 个文件，683010184 字节，远程运行依赖 0）

▶ build-asset-manifest.mjs
已生成资源清单：1027 个文件，845206700 字节

▶ build-deployment-manifest.mjs
已生成部署清单：786 个文件，1431742675 字节
部署聚合哈希：95088dd1d3d7d210da866d7c2773aef93a8f71aa624e92c623a7bec265b7dc11

V90 build-all 已完成。
输入锁：c2b2d8056a6661f330296214c425ecfe44bc6d5517ec5e9116679656ca1c820b
产物：读者 Web 包／轻量单 HTML／离线 ZIP／本地资源清单／部署清单

▶ build-all.mjs
V60 工作簿未提供；使用已提交且受 sources.lock.json 保护的生成结果。
V61 工作簿未全部提供；使用已提交且受 sources.lock.json 保护的生成结果。

▶ build-v46-portrait-manifest.mjs
{"defaultPeople":123,"assetRecords":600,"indexedPersonIds":598,"specificPortraits":600,"designOnlyPortraits":0,"fallbackPortraits":0,"v62PortraitRecords":100,"peopleWithMultiplePortraits":2,"legacyPersonIdAliases":31,"figmaBoardRecords":50,"figmaBoardMapped":50,"v58PortraitRecords":20,"v58PortraitMapped":20,"v70PortraitRecords":50,"v73PortraitRecords":100,"dengAiSrc":"./assets/portraits/wei/deng-ai-v2.png","plannedV62Portraits":100,"readyV62Portraits":100}

▶ build-v63-person-registry.mjs
{
  "ok": true,
  "people": 5234,
  "readerPeople": 3621,
  "readerScopeVersion": "V90",
  "readerScopePeople": 3621,
  "scopeExcludedPeople": 29,
  "nonPersonExclusions": 29,
  "legacyMappings": 1140,
  "sourceRecordMappings": 2013,
  "ziConflicts": 17,
  "isolatedSnapshotRecords": 18,
  "addedJinLegacyMappings": 9,
  "protectedExistingPeople": 10,
  "portraitAssets": 600,
  "portraitPersonIds": 598,
  "unresolvedPortraits": 0,
  "verifiedFieldCounts": {
    "name": 3621,
    "aliases": 499,
    "zi": 122,
    "birthplace": 71,
    "birthYear": 38,
    "deathYear": 61,
    "bio": 102,
    "bioCitations": 28,
    "bioClassical": 0,
    "dynastyTags": 3209,
    "historicalAffiliations": 46,
    "appointments": 146,
    "peerage": 371,
    "portraits": 598
  }
}

▶ build-v66-peerage-stages.mjs
{
  "sourceReaderVisibleEvents": 525,
  "sourceReaderVisibleRelations": 542,
  "sourceReaderVisiblePeople": 374,
  "closedEvents": 525,
  "linkedEvents": 194,
  "hanPredecessorEvents": 79,
  "rankAmbiguousEvents": 22,
  "dynastyReviewEvents": 2,
  "postWeiReviewEvents": 2,
  "missingYearEvents": 227,
  "stageMisalignedEvents": 1,
  "partiallyLinkedEvents": 1,
  "rankStages": 603,
  "titleStages": 641,
  "multiRankEvents": 50,
  "stageAlignmentReviewEvents": 29,
  "linkedRelations": 194,
  "linkedPeople": 166,
  "dispositionCounts": {
    "han-predecessor": 79,
    "linked": 194,
    "missing-year": 227,
    "post-wei-review": 2,
    "rank-ambiguous": 22,
    "stage-misaligned": 1
  },
  "phaseCounts": {
    "han-predecessor": 79,
    "missing-year-review": 227,
    "mixed-stages": 1,
    "post-wei-review": 2,
    "wei-inherited-han": 159,
    "wei-xianxi-five-rank": 57
  },
  "stageDispositionCounts": {
    "han-predecessor": 79,
    "linked": 195,
    "missing-year": 304,
    "post-wei-review": 2,
    "rank-ambiguous": 22,
    "stage-misaligned": 1
  },
  "titleClassifiedMarquisStages": 289,
  "xianxiFiveRankMarquisStages": 16
}

▶ build-v66-fangzhen-seats.mjs
{
  "totalRecords": 533,
  "v65ReaderVisible": 45,
  "seatVerified": 27,
  "readerVisible": 45,
  "reviewOnly": 488,
  "readerVisibleWithSeat": 27,
  "readerVisibleWithoutSeat": 18,
  "upstreamReviewOnly": 488,
  "upstreamVisibleSeatUnresolved": 18,
  "v62JinTotal": 29,
  "v62JinReaderVisible": 29,
  "v62JinSeatVisible": 25,
  "v62JinSeatSuppressed": 4,
  "bySeatResolution": {
    "not-assessed-upstream-review-only": 488,
    "unresolved": 18,
    "verified": 27
  },
  "byPublication": {
    "reader-visible": 45,
    "review-only": 488
  }
}

▶ build-reader-bundle.mjs --relations-only
已生成 V63 纯净读者人物关联：任官 263，封爵关系 535

▶ build-office-succession.mjs
已生成 3 个职官的同源历任投影。

▶ build-v69-data.mjs
{
  "ok": true,
  "people": {
    "people": 3621,
    "rulers": 16,
    "peopleWithLifeEvents": 514,
    "lifeEvents": 947
  },
  "portraitCandidates": {
    "candidates": 100,
    "existingPortraitAssets": 600,
    "expectedAfterProduction": 375
  },
  "battles": {
    "records": 62,
    "linkedRecords": 49,
    "noExplicitPersonRecords": 12,
    "ambiguousRecords": 1,
    "links": 106
  },
  "fangzhen": {
    "records": 523,
    "verified": 45,
    "candidate": 478,
    "dynasties": {
      "后汉": 6,
      "季汉": 99,
      "魏": 173,
      "吴": 213,
      "西晋": 31,
      "东晋": 1
    }
  },
  "epigraphy": {
    "records": 166,
    "withInscription": 59,
    "withoutInscription": 107,
    "dynasties": {
      "后汉": 6,
      "季汉": 8,
      "魏": 20,
      "吴": 15,
      "西晋": 56,
      "东晋": 61
    }
  },
  "aggregate": "f068bb462860511734ba315eb39053f57e93a5a41132a13937582b948eaaa2e3"
}

▶ build-v73-review-status-ledger.mjs
{
  "ok": true,
  "totals": {
    "verified": 3960,
    "pending": 2641,
    "disputed": 94,
    "suppressed": 108
  },
  "modules": [
    {
      "label": "人物实体",
      "verified": 3621,
      "pending": 1599,
      "disputed": 14,
      "suppressed": 29,
      "excludedFromStatistics": 1642
    },
    {
      "label": "任官事实",
      "verified": 263,
      "pending": 507,
      "disputed": 2,
      "suppressed": 79,
      "excludedFromStatistics": 588
    },
    {
      "label": "州镇职任",
      "verified": 45,
      "pending": 408,
      "disputed": 70,
      "suppressed": 0,
      "excludedFromStatistics": 503
    },
    {
      "label": "金石记录",
      "verified": 31,
      "pending": 127,
      "disputed": 8,
      "suppressed": 0,
      "excludedFromStatistics": 105
    }
  ]
}

▶ build-release-summary.mjs
{"people":3621,"appointments":{"verified":263,"pending":507,"disputed":2,"suppressed":79},"biographies":101,"portraitAssets":600,"peopleWithPortraits":593,"peopleWithEvents":514}

▶ build-local-data.mjs
已校验并生成十六期注册表脚本：huangjin → shaodi → dongzhuo → xingping → jianbing → guandu → chibi → xiangfan → sanguo → beifa → guijin → hanwang → jinchu → taikang → hui_di → yongjia
已校验并生成本地州郡几何脚本：/workspace/scratch/ea3fed8f4c52/site-recovery/atlas/assets/map/data/All_Provinces.json
已校验并生成 V7 历史证据脚本：16 期、19 条来源
确定性写入：0 个产物发生变化，4 个产物与规范源已一致

▶ build-reader-bundle.mjs
已生成 V69 读者 Web 包：/workspace/scratch/ea3fed8f4c52/site-recovery/atlas/exports/观史台-读者版
读者包：784 文件，695962750 字节，3621 人，600 张立绘
泄露扫描：本机绝对路径0，审校运行文件0，禁止投影字段0

▶ build-portable-export.mjs
已生成轻量联网单文件：/workspace/scratch/ea3fed8f4c52/site-recovery/atlas/exports/观史台-轻量单文件版.html（52624464 字节）
已更新兼容便携路径：/workspace/scratch/ea3fed8f4c52/site-recovery/atlas/exports/三国职官谱-单文件版.html
单文件立绘：内嵌 10/598 张，原图预算 18868441/18874368 字节
已生成真离线 ZIP：/workspace/scratch/ea3fed8f4c52/site-recovery/atlas/exports/观史台-离线版.zip（784 个文件，683010184 字节，远程运行依赖 0）

▶ build-asset-manifest.mjs
已生成资源清单：1027 个文件，845206700 字节

▶ build-deployment-manifest.mjs
已生成部署清单：786 个文件，1431742675 字节
部署聚合哈希：95088dd1d3d7d210da866d7c2773aef93a8f71aa624e92c623a7bec265b7dc11

V90 build-all 已完成。
输入锁：c2b2d8056a6661f330296214c425ecfe44bc6d5517ec5e9116679656ca1c820b
产物：读者 Web 包／轻量单 HTML／离线 ZIP／本地资源清单／部署清单

✓ 连续两次构建哈希一致：34988db26d9b0d4ca669d4070c91ab5660f6b4f87c9454744367f21d5b490878

▶ verify-project.mjs
项目验证通过
十六期：184、189、190、194、199、200、208、219、220、228、263、264、266、280、290、311
184/189/190 十三州、194/200 河西雍州、263 魏汉吴、264 魏吴、266 晋吴、280 十九州均已锁定
职官谱｜州镇表｜金石录｜形势图命名、官品规则与东晋扩展边界已锁定

▶ verify-v71.mjs
✔ V75 removes five false people and consolidates corroboration without losing source evidence (386.669835ms)
✔ V74 chancellery evidence preserves refutations, corrected subjects and unknown dates (55.946397ms)
✔ reviewed identities extend the frozen roster without losing ids or publishing the old Wei candidate (242.516331ms)
✔ identity resolution cannot publish an unreviewed appointment; source edits invalidate review (0.509086ms)
✔ all 149 formerly published assertions have dispositions; corrected subjects and negations survive rebuild (4.584555ms)
✔ snapshots contain confirmed, bounded tenures only, including inclusive endpoints (3.095324ms)
✔ verified administrative tenures resolve into person timelines; candidates do not (25.593176ms)
✔ person links switch module, await data, and prevent stale results from replacing a later selection (0.531109ms)
✔ host routes require the expected frame and origin, and preserve archive context (1.759332ms)
✔ a history restore within people cancels an older in-flight person link (0.375858ms)
✔ canonical, portable scripts and shared reader templates compile (508.405023ms)
✔ all existing inscriptions, sections and variants are preserved verbatim (8.943426ms)
✔ the final reader retains all six reviewed transcriptions and variants without legacy overlays (11.834328ms)
✔ reviewed Wei texts reach the final reader with lacunae and provenance intact (3.093732ms)
✔ epigraphy publication rejects changed sources, edited text and overwrites (12.544822ms)
✔ epigraphy dates do not coerce unknown years into the Han period (2.815088ms)
✔ the inscription filter includes transmitted and fragmentary texts without rewriting their status (2.786437ms)
✔ reviewed old commentary retains its text and rejects altered apparatus (1.975293ms)
✔ reviewed biographies pin identities and evidence without replacing existing biographies (43.802544ms)
✔ Tai Shi corrections preserve source years and reject stale or ambiguous reviews (11.278183ms)
✔ the next Jin texts preserve all 56 existing texts and keep the Yang Zhao variant separate (3.555158ms)
✔ V76 corrects succession chronology and requires explicit guards for revised reviews (274.337481ms)
✔ V76 biography corrections preserve old wording and reject stale or unreviewed replacements (25.133679ms)
✔ V80 withdraws seven false identities while freezing all ten associated sources and original portrait files (188.32483ms)
ℹ tests 24
ℹ suites 0
ℹ pass 24
ℹ fail 0
ℹ cancelled 0
ℹ skipped 0
ℹ todo 0
ℹ duration_ms 1990.735259

▶ verify-map-data.mjs
地图几何验证通过
184/190 州级结构：并州、扬州、豫州、兖州、青州、徐州、司隶、荆州、益州、凉州、交州、幽州、冀州
263 郡级政权：wei、wu、shu
264 郡级政权：wei、wu
266 郡级政权：jin、wu
郡级快照：200 年 99 郡；208 年 105 郡；220 年 125 郡
V41 郡名锚点：十六期全部郡块均已生成
280 十九州：并州、扬州、豫州、兖州、青州、徐州、司州、荆州、宁州、益州、梁州、秦州、交州、广州、平州、幽州、凉州、雍州、冀州
十六期势力完整性、189 年官员注记、190 年分郡势力、194 兴平节点与 263/264 年状态已通过审计

▶ verify-historical-model.mjs
历史数据模型验证通过
默认州镇职任：504 条；东晋扩展：2 条
职官、爵位、人物、任官、辖区与史料关联字段完整

▶ verify-research-model.mjs
统一研究数据模型验证通过
研究模型 v10；开府资格 5 类；行政沿革事件 51 条；V7时期快照 16 期、来源 19 条

▶ verify-historical-consistency.mjs
【年号与西元不符（州镇）】3 条
    夏侯尚·荆州刺史｜约黄初六年（226年 → 黄初六年应为 225
    裴潜·荆州刺史｜约黄初六年（226年 → 黄初六年应为 225
    毌丘俭·都督豫州诸军事｜约嘉平四年（253年 → 嘉平四年应为 252
【重复内容来源行对应多个人物（身份待核）】3 条
    陆冲：person:snapshot260:056f9b6079050dd7 与 person:snapshot260:0d591cd61c9e314f（内容指纹 source:v61:snapshot260:8c8009d09b44e77b）
    毛炅：person:snapshot260:470bd67ea96e7af6 与 person:snapshot260:4b3d9f3bec838e73（内容指纹 source:v61:snapshot260:0eeaaede9dc88b74）
    杨欣：person:snapshot260:216ff0075f32fed8 与 person:snapshot260:9edcff995d08a5dc（内容指纹 source:v61:snapshot260:eabd7ca0d80f82b8）
【任期文字无确切讫年而 endYear 有值】2 条
    吴景·太守｜文「吴郡钱塘人，汉初平年间在任」 endYear=194
    蔡遗·太守｜文「籍贯不详，约建安年间任」 endYear=219
【人物名目是集合表述而非单一人物】2 条
    庞氏三人｜person:peerage:41585dcf53dc6543
    王昶子二人｜person:peerage:6662a44d6153b23a
【人物名目含问号或自陈名失载】2 条
    张?｜person:shu:0hwd4rt
    虞君(名失载)｜person:wu:07mmfhv
【人物名目含斜线（疑异写并列或解析残留）】2 条
    丁固（密/宓）｜person:v90:3c415bbb9b5540ea
    姚陶/旧｜person:wu:0g9k8rm
【同名碑目且朝代相左】1 条
    羊瑾碑 ×2｜jinshi-v55-8daa4af8f7a69945/东晋/第1801段  jinshi-v55-85ed7fb9382f60b4/西晋/第440段

共 15 条候选待覆核；启发式命中不等于已确认错误，不得自动改写原文或提升审定状态。

▶ verify-v63.mjs
{
  "ok": true,
  "registryPeople": 5234,
  "readerPeople": 3621,
  "legacyMappings": 1140,
  "sourceRecordMappings": 2013,
  "originalZiConflicts": 14,
  "additionalZiConflicts": 3,
  "isolatedSnapshotRecords": 18,
  "addedJinLegacyMappings": 9,
  "protectedExistingPeople": 10,
  "portraitAssets": 600,
  "unresolvedPortraits": 0
}

▶ verify-v64.mjs
{
  "ok": true,
  "v63": {
    "registryPeople": 5234,
    "readerPeople": 3621
  },
  "readerBundle": {
    "files": 784,
    "bytes": 695962750,
    "aggregateSha256": "84f8b7cb82dd9ae195973235e74ae2132bf9b57f10df3f296619bf2f93d8a442"
  },
  "firstScreen": {
    "files": 26,
    "gzipBytes": 736986,
    "limit": 819200
  },
  "lightHtml": {
    "bytes": 52624464,
    "limit": 83886080
  },
  "offlineZip": {
    "bytes": 683010184
  },
  "deployment": {
    "files": 786,
    "aggregateSha256": "95088dd1d3d7d210da866d7c2773aef93a8f71aa624e92c623a7bec265b7dc11"
  },
  "leakScan": "ok",
  "jsonJsEquivalence": "ok",
  "mapInvariant": [
    "huangjin",
    "shaodi",
    "dongzhuo",
    "xingping",
    "jianbing",
    "guandu",
    "chibi",
    "xiangfan",
    "sanguo",
    "beifa",
    "guijin",
    "hanwang",
    "jinchu",
    "taikang",
    "hui_di",
    "yongjia"
  ]
}

▶ verify-v65-battle-shihuo.mjs
{
  "version": "V65",
  "battlefields": {
    "total": 12,
    "coordinatesUnchanged": true,
    "sourceClosed": 12
  },
  "shihuo": {
    "total": 8,
    "chartEligible": 4,
    "notComparable": 4,
    "explicitNoCandidate": 1
  },
  "checks": "passed"
}

▶ verify-v65-epigraphy.mjs
{
  "ok": true,
  "baseline": {
    "records": 188,
    "withInscription": 50,
    "withoutInscription": 138
  },
  "v65": {
    "audited": 138,
    "adopted": 2,
    "adoptedIds": [
      "wei-kongxian-stele",
      "wu-liangxiu-stele"
    ],
    "remainingBlank": 136,
    "sourceLevels": {
      "individual-discovery": 136,
      "金石目录录文": 2
    }
  },
  "deterministic": true
}

▶ verify-v65-fangzhen.mjs
V65 州镇验证通过
州镇 533 条；Wikipedia 候选 182（原典已核 1，discovery-only 181）
原缺定位 200 条；原典收口 19；reader-visible 45；review-only 488

▶ verify-v65-research.mjs
{
  "status": "passed",
  "generalTitles": {
    "total": 154,
    "byPolity": {
      "wei": 46,
      "shu": 35,
      "wu": 51,
      "jin": 22
    },
    "byDisposition": {
      "确定": 89,
      "推定": 20,
      "明确无候选": 35,
      "存疑": 1,
      "排除": 6,
      "争议": 3
    },
    "verifiedCount": 89,
    "reviewOnlyCount": 65,
    "openSearchCount": 0,
    "exactHitCount": 4153,
    "recordsWithExactHits": 137,
    "recordsWithoutExactHits": 17,
    "noExactHitKeys": [
      "wei:112:安众将军",
      "wei:113:安夷将军",
      "wei:171:殄吴将军",
      "wei:178:翼卫将军",
      "wei:179:讨夷将军",
      "wei:180:怀远将军",
      "wei:182:忠义将军",
      "wei:184:绥边将军",
      "shu:180:中郎将系统",
      "wu:70:威东将军",
      "wu:72:威西将军",
      "wu:131:威武将军",
      "wu:180:中郎将系统",
      "wu:181:校尉系统",
      "wu:182:都尉系统",
      "jin:150:中郎将系统",
      "jin:152:都尉系统"
    ]
  },
  "volumes": {
    "reviewedVolumeCount": 6,
    "volumesWithCandidates": 5,
    "volumesWithoutInScopeCandidates": 1,
    "candidateCount": 40,
    "exclusionCount": 6,
    "dispositionCounts": {
      "确定": 5,
      "排除": 1
    }
  },
  "hashes": {
    "generalTitleJson": "c995be26a4f94804e09a17c30c40dc4fb7bb4ff2b6e99321d5729280b6702528",
    "volumeReviewJson": "eae8f2adeb974df4e3c4dc419c644a683cde94c22f447f3fac48022025095f8c"
  }
}

▶ verify-v66-han-court-ui.mjs
后汉官职结构图验收通过：规范数据未改，单一专题、东宫府属、全局检索边界与移动详情契约完整。

▶ verify-v66-runtime-init.mjs
V66 运行时初始化验证通过：持久化核心同步注册、接口门禁与 iframe 缓存键完整。

▶ verify-v66.mjs
{
  "ok": true,
  "version": "V66",
  "people": 3621,
  "portraits": 600,
  "map": {
    "periods": 16,
    "files": 36,
    "bytes": 7507925
  },
  "peerage": {
    "events": 525,
    "nodes": 13
  },
  "fangzhen": {
    "audit": 533,
    "reader": 45
  },
  "battle": {
    "canonical": 84,
    "reader": 62
  }
}

▶ verify-v67.mjs
{
  "ok": true,
  "fangzhen": {
    "records": 45,
    "verifiedSeats": 27,
    "hiddenSeats": 18,
    "linkedSeatPeriods": 17,
    "canonicalSeatPeriods": 19
  },
  "epigraphy": {
    "records": 188,
    "withInscription": 52,
    "withoutInscription": 136,
    "pageSize": 12
  },
  "safeHighlight": true
}

▶ verify-v68.mjs
{
  "ok": true,
  "biographies": 101,
  "fangzhen": {
    "records": 45,
    "levels": {
      "州": 36,
      "方镇": 9
    },
    "dynasties": {
      "后汉": 5,
      "季汉": 6
    }
  },
  "removedRelatedOfficials": true
}

▶ verify-v69.mjs
{
  "ok": true,
  "people": 3621,
  "lifeEvents": 947,
  "portraitCandidates": 100,
  "portraitCompleted": 100,
  "portraitAdditionsV70": 50,
  "battleLinks": 106,
  "fangzhen": {
    "records": 523,
    "verified": 45,
    "candidate": 478,
    "dynasties": {
      "后汉": 6,
      "季汉": 99,
      "魏": 173,
      "吴": 213,
      "西晋": 31,
      "东晋": 1
    }
  },
  "epigraphy": {
    "records": 166,
    "withInscription": 59,
    "withoutInscription": 107,
    "dynasties": {
      "后汉": 6,
      "季汉": 8,
      "魏": 20,
      "吴": 15,
      "西晋": 56,
      "东晋": 61
    }
  },
  "figma": "complete"
}

▶ verify-v70.mjs
{
  "ok": true,
  "version": "V70",
  "readerPeople": 3621,
  "portraits": {
    "baseline": 350,
    "addedV70": 50,
    "addedV73": 100,
    "total": 600
  },
  "v70": {
    "dynasty": "魏",
    "candidates": 50,
    "readyAssets": 50,
    "figma": "pending-figma-upload"
  },
  "fangzhenTitlesNormalized": true
}

▶ verify-v73.mjs
{
  "ok": true,
  "version": "V73",
  "readerPeople": 3621,
  "portraits": {
    "addedV73": 100,
    "acceptedAdditional": 100,
    "total": 600
  },
  "figma": {
    "page": "V73 / Portraits",
    "nodes": 100
  },
  "reviewModules": 4,
  "removedNonPerson": "安国"
}

V90 release:check 全部通过。
双重构建哈希：34988db26d9b0d4ca669d4070c91ab5660f6b4f87c9454744367f21d5b490878
当前不变量验证：20 项
历史快照验证：未执行（使用 --include-historical 单独审计）
注意：本命令不调用 Sites，也不修改站点权限。
npm warn Unknown env config "http-proxy". This will stop working in the next major version of npm.

> site-creator-vinext-starter@0.1.0 sync:reader
> node scripts/sync-reader-bundle.mjs

已同步读者版：784 个文件，来源哈希 84f8b7cb82dd9ae195973235e74ae2132bf9b57f10df3f296619bf2f93d8a442
npm warn Unknown env config "http-proxy". This will stop working in the next major version of npm.

> site-creator-vinext-starter@0.1.0 build:catalogue
> node scripts/build-catalogue.mjs

{"baselineRecords":7155,"seedBytes":41591093,"codeId":"9477b2bd58aa5de9d043f2911b61261114583f6a5d3687789b46ebcb45f7817a"}
npm warn Unknown env config "http-proxy". This will stop working in the next major version of npm.

> site-creator-vinext-starter@0.1.0 typecheck
> tsc --noEmit --incremental false

npm warn Unknown env config "http-proxy". This will stop working in the next major version of npm.

> site-creator-vinext-starter@0.1.0 lint
> eslint . --ignore-pattern dist --ignore-pattern .next


/workspace/scratch/ea3fed8f4c52/site-recovery/types/cloudflare.d.ts
      1:1   warning  Unused eslint-disable directive (no problems were reported)
  10014:44  warning  Unused eslint-disable directive (no problems were reported)
  10031:70  warning  Unused eslint-disable directive (no problems were reported)

✖ 3 problems (0 errors, 3 warnings)
  0 errors and 3 warnings potentially fixable with the `--fix` option.

npm warn Unknown env config "http-proxy". This will stop working in the next major version of npm.

> site-creator-vinext-starter@0.1.0 build:site
> npm run build:catalogue && WRANGLER_LOG_PATH=.wrangler/wrangler.log vinext build && node scripts/prune-site-build.mjs

npm warn Unknown env config "http-proxy". This will stop working in the next major version of npm.

> site-creator-vinext-starter@0.1.0 build:catalogue
> node scripts/build-catalogue.mjs

{"baselineRecords":7155,"seedBytes":41591093,"codeId":"9477b2bd58aa5de9d043f2911b61261114583f6a5d3687789b46ebcb45f7817a"}

  vinext build  (Vite 8.0.16)

[33m▲ [43;33m[[43;30mWARNING[43;33m][0m [1mProxy environment variables detected. We'll use your proxy for fetch requests.[0m


[1/5] analyze client references...
[2K
transforming...✓ 283 modules transformed.
rendering chunks...
✓ built in 1.65s
[2/5] analyze server references...
[2K
transforming...✓ 145 modules transformed.
rendering chunks...
✓ built in 224ms
[3/5] build rsc environment...
[2K
transforming...✓ 274 modules transformed.
rendering chunks...
computing gzip size...
✓ built in 2.63s
[4/5] build client environment...
[2K
transforming...✓ 150 modules transformed.
rendering chunks...
computing gzip size...
✓ built in 770ms
[5/5] build ssr environment...
[2K
transforming...✓ 143 modules transformed.
rendering chunks...
computing gzip size...
✓ built in 467ms
[0m
  Route (app)
  ─ ? /

  ? Unknown

  ? Some routes could not be classified. vinext currently uses static analysis
    and cannot detect dynamic API usage (headers(), cookies(), etc.) at build time.
    Automatic classification will be improved in a future release.

  Build complete. Run `vinext start` to start the production server.

node:fs:1795
  const stats = binding.stat(
                        ^

Error: ENOENT: no such file or directory, stat '/workspace/scratch/ea3fed8f4c52/site-recovery/dist/client/legacy/assets/portraits/v62/shuhan/.shuhan-17.w384.webp.wrQZxS'
    at Object.statSync (node:fs:1795:25)
    at removeFile (file:///workspace/scratch/ea3fed8f4c52/site-recovery/scripts/prune-site-build.mjs:41:19)
    at file:///workspace/scratch/ea3fed8f4c52/site-recovery/scripts/prune-site-build.mjs:58:44
    at ModuleJob.run (node:internal/modules/esm/module_job:439:25)
    at async node:internal/modules/esm/loader:643:26
    at async asyncRunEntryPointWithESMLoader (node:internal/modules/run_main:101:5) {
  errno: -2,
  code: 'ENOENT',
  syscall: 'stat',
  path: '/workspace/scratch/ea3fed8f4c52/site-recovery/dist/client/legacy/assets/portraits/v62/shuhan/.shuhan-17.w384.webp.wrQZxS'
}

Node.js v24.19.0
